******************************************************************************
               TMS320C6x Linker PC v7.2.3                      
******************************************************************************
>> Linked Tue Feb 11 21:19:20 2014

OUTPUT FILE NAME:   <main.out>
ENTRY POINT SYMBOL: "_c_int00"  address: 00070120


MEMORY CONFIGURATION

         name            origin    length      used     unused   attr    fill
----------------------  --------  ---------  --------  --------  ----  --------
  IDRAM                 00000000   00100000  0007020c  0008fdf4  RWIX


SECTION ALLOCATION MAP

 output                                  attributes/
section   page    origin      length       input sections
--------  ----  ----------  ----------   ----------------
.cinit     0    00000000    0000007c     COPY SECTION
                  00000000    00000025     vm3224k.obj (.cinit)
                  00000025    00000003     --HOLE--
                  00000028    0000002c     rts6400.lib : exit.obj (.cinit)
                  00000054    00000004     --HOLE--
                  00000058    0000001c                 : _lock.obj (.cinit)
                  00000074    00000004     --HOLE--
                  00000078    00000004     --HOLE-- [fill = 0]

.far       0    00000000    0006b034     UNINITIALIZED
                  00000000    0006b000     main.obj (.far)
                  0006b000    0000001d     vm3224k.obj (.far)
                  0006b01d    00000003     --HOLE--
                  0006b020    0000000c     rts6400.lib : exit.obj (.far)
                  0006b02c    00000008                 : _lock.obj (.far)

.stack     0    0006b038    00004000     UNINITIALIZED
                  0006b038    00000008     rts6400.lib : boot.obj (.stack)
                  0006b040    00003ff8     --HOLE--

.text      0    0006f040    000011c0     
                  0006f040    00000660     main.obj (.text)
                  0006f6a0    000005e0     vm3224k.obj (.text)
                  0006fc80    00000120     rts6400.lib : autoinit.obj (.text:__auto_init)
                  0006fda0    00000100                 : divi.obj (.text:__divi)
                  0006fea0    00000100                 : exit.obj (.text:_exit)
                  0006ffa0    000000e0                 : memcpy64.obj (.text:_memcpy)
                  00070080    000000a0                 : cpy_tbl.obj (.text:_copy_in)
                  00070120    00000060                 : boot.obj (.text:_c_int00)
                  00070180    00000040                 : args_main.obj (.text:__args_main)
                  000701c0    00000020                 : _lock.obj (.text:__nop)
                  000701e0    00000020                 : exit.obj (.text:_abort)

.bss       0    00070200    00000018     UNINITIALIZED
                  00070200    00000014     vm3224k.obj (.bss)
                  00070214    00000004     main.obj (.bss)


GLOBAL SYMBOLS: SORTED ALPHABETICALLY BY Name 

address    name
--------   ----
00070200   $bss
00070200   .bss
0006f040   .text
000701e0   C$$EXIT
00070214   _Event
0006f038   __STACK_END
00004000   __STACK_SIZE
00000001   __TI_args_main
0006b028   ___TI_enable_exit_profile_output
ffffffff   ___TI_pprof_out_hndl
ffffffff   ___TI_prof_data_size
ffffffff   ___TI_prof_data_start
ffffffff   ___binit__
00070200   ___bss__
ffffffff   ___c_args__
ffffffff   ___cinit__
00070218   ___end__
00070200   ___etext__
ffffffff   ___pinit__
0006f040   ___text__
00070180   __args_main
0006fc80   __auto_init
0006fda0   __c6xabi_divi
0006b020   __cleanup_ptr
0006fda0   __divi
0006b024   __dtors_ptr
0006b02c   __lock
000701c0   __nop
0006b038   __stack
0006b030   __unlock
000701e0   _abort
00070120   _c_int00
00025800   _cam
00070080   _copy_in
0006fea0   _exit
0006fa28   _i2c_Write
0006f6a0   _i2c_init
00000000   _lcd
0006f1b0   _main
0006ffa0   _memcpy
0004b000   _rgb
0006fc40   _vm3224bl
0006faa8   _vm3224init
0006fbfc   _vm3224rate
0006f040   _ybr_565
ffffffff   binit
ffffffff   cinit
00070218   end
00070200   etext
ffffffff   pinit


GLOBAL SYMBOLS: SORTED BY Symbol Address 

address    name
--------   ----
00000000   _lcd
00000001   __TI_args_main
00004000   __STACK_SIZE
00025800   _cam
0004b000   _rgb
0006b020   __cleanup_ptr
0006b024   __dtors_ptr
0006b028   ___TI_enable_exit_profile_output
0006b02c   __lock
0006b030   __unlock
0006b038   __stack
0006f038   __STACK_END
0006f040   .text
0006f040   ___text__
0006f040   _ybr_565
0006f1b0   _main
0006f6a0   _i2c_init
0006fa28   _i2c_Write
0006faa8   _vm3224init
0006fbfc   _vm3224rate
0006fc40   _vm3224bl
0006fc80   __auto_init
0006fda0   __c6xabi_divi
0006fda0   __divi
0006fea0   _exit
0006ffa0   _memcpy
00070080   _copy_in
00070120   _c_int00
00070180   __args_main
000701c0   __nop
000701e0   C$$EXIT
000701e0   _abort
00070200   $bss
00070200   .bss
00070200   ___bss__
00070200   ___etext__
00070200   etext
00070214   _Event
00070218   ___end__
00070218   end
ffffffff   ___TI_pprof_out_hndl
ffffffff   ___TI_prof_data_size
ffffffff   ___TI_prof_data_start
ffffffff   ___binit__
ffffffff   ___c_args__
ffffffff   ___cinit__
ffffffff   ___pinit__
ffffffff   binit
ffffffff   cinit
ffffffff   pinit

[50 symbols]
