******************************************************************************
               TMS320C6x Linker PC v7.2.3                      
******************************************************************************
>> Linked Tue Feb 11 18:17:40 2014

OUTPUT FILE NAME:   <Video_BIOS_template.out>
ENTRY POINT SYMBOL: "_c_int00"  address: 802b8340


MEMORY CONFIGURATION

         name            origin    length      used     unused   attr    fill
----------------------  --------  ---------  --------  --------  ----  --------
  IRAM                  10800000   00020000  00000000  00020000  RW X
  L1DSRAM               10f04000   0000c000  00000000  0000c000  RW  
  SRAM                  42000000   00200000  00000000  00200000  RWIX
  DDR2                  80000000   08000000  002c9735  07d368cb  RWIX


SECTION ALLOCATION MAP

 output                                  attributes/
section   page    origin      length       input sections
--------  ----  ----------  ----------   ----------------
.pinit     0    80000000    00000000     UNINITIALIZED

.data      0    80000000    00000000     UNINITIALIZED

xdc.meta   0    80000000    000000f7     COPY SECTION
                  80000000    000000f7     app_p64P.o64P (xdc.meta)

.far       0    80000000    002a7e38     UNINITIALIZED
                  80000000    002a30d8     main.obj (.far)
                  802a30d8    000028e0     app_p64P.o64P (.far)
                  802a59b8    00001780     tahomabold_20.obj (.far)
                  802a7138    00000800     app_p64P.o64P (.far:taskStackSection)
                  802a7938    00000194     rts64plus.lib : defs.obj (.far)
                  802a7acc    00000004                   : fopen.obj (.far)
                  802a7ad0    00000188                   : atexit.obj (.far)
                  802a7c58    000000d0                   : trgdrv.obj (.far)
                  802a7d28    000000cc                   : lowlev.obj (.far)
                  802a7df4    00000004                   : sinit.obj (.far)
                  802a7df8    00000020     evmdm6437bsl.lib : evmdm6437_gpio.obj (.far)
                  802a7e18    0000000c                      : evmdm6437_flash_id.obj (.far)
                  802a7e24    0000000c     rts64plus.lib : exit.obj (.far)
                  802a7e30    00000008                   : _lock.obj (.far)

.const.1   0    802a7e38    00000008     
                  802a7e38    00000008     ti.targets.rts6000.a64P : System.o64P (.const:.string)

.text      0    802a7e40    00013d40     
                  802a7e40    00000940     ti.targets.rts6000.a64P : System.o64P (.text:_xdc_runtime_System_doPrint__I)
                  802a8780    000008a0     text_functions.obj (.text)
                  802a9020    00000780     sysbios.lib : BIOS.obj (.text:_ti_sysbios_family_c64p_Exception_handler__I)
                  802a97a0    000006a0     rts64plus.lib : divd.obj (.text:__divd)
                  802a9e40    00000680     sysbios.lib : BIOS.obj (.text:_ti_sysbios_heaps_HeapMem_free__E)
                  802aa4c0    00000620                 : BIOS.obj (.text:_ti_sysbios_heaps_HeapMem_alloc__E)
                  802aaae0    000005a0                 : BIOS.obj (.text:_ti_sysbios_timers_timer64_Timer_Module_startup__F)
                  802ab080    00000580     rts64plus.lib : _printfi.obj (.text:__getarg_diouxp)
                  802ab600    00000480                   : _printfi.obj (.text:__setfield)
                  802aba80    00000480     sysbios.lib : BIOS.obj (.text:_ti_sysbios_knl_Task_Module_startup__F)
                  802abf00    00000460     rts64plus.lib : _printfi.obj (.text:__printfi)
                  802ac360    00000460     evmdm6437bsl.lib : evmdm6437_pll.obj (.text)
                  802ac7c0    00000420     video_loopback_test.obj (.text)
                  802acbe0    00000400     sysbios.lib : BIOS.obj (.text:_ti_sysbios_knl_Semaphore_pend__E)
                  802acfe0    000003c0                 : BIOS.obj (.text:_ti_sysbios_knl_Swi_schedule__I)
                  802ad3a0    000003a0     evmdm6437bsl.lib : evmdm6437.obj (.text)
                  802ad740    00000340     sysbios.lib : BIOS.obj (.text:_ti_sysbios_knl_Clock_Instance_init__F)
                  802ada80    00000340                 : BIOS.obj (.text:_ti_sysbios_knl_Swi_restoreHwi__E)
                  802addc0    00000300     rts64plus.lib : _printfi.obj (.text:_ecvt)
                  802ae0c0    00000300                   : _printfi.obj (.text:_fcvt)
                  802ae3c0    00000300                   : fputs.obj (.text:_fputs)
                  802ae6c0    00000300     evmdm6437bsl.lib : evmdm6437_flash_id.obj (.text)
                  802ae9c0    000002e0     rts64plus.lib : _printfi.obj (.text:__pproc_fge)
                  802aeca0    000002e0                   : _printfi.obj (.text:__pproc_fwp)
                  802aef80    000002e0     sysbios.lib : BIOS.obj (.text:_ti_sysbios_family_c64p_Hwi_dispatchC__I)
                  802af260    000002a0     rts64plus.lib : _printfi.obj (.text:__pconv_e)
                  802af500    000002a0     sysbios.lib : BIOS.obj (.text:_ti_sysbios_knl_Clock_workFunc__E)
                  802af7a0    00000280                 : BIOS.obj (.text:_deviceConfig$23)
                  802afa20    00000280                 : BIOS.obj (.text:_ti_sysbios_family_c64p_Cache_Module_startup__F)
                  802afca0    00000280     ti.targets.rts6000.a64P : Core-mem.o64P (.text:_xdc_runtime_Core_createObject__I)
                  802aff20    00000280                             : Error.o64P (.text:_xdc_runtime_Error_raiseX__F)
                  802b01a0    00000260     rts64plus.lib : imath64.obj (.text:__divull)
                  802b0400    00000260                   : mpyd.obj (.text:__mpyd)
                  802b0660    00000260     sysbios.lib : BIOS.obj (.text:_ti_sysbios_timers_timer64_Timer_setPeriodMicroSecs__E)
                  802b08c0    00000260     ti.targets.rts6000.a64P : Startup.o64P (.text:_xdc_runtime_Startup_startMods__I)
                  802b0b20    00000260     evmdm6437bsl.lib : evmdm6437_i2c.obj (.text)
                  802b0d80    00000240     sysbios.lib : BIOS.obj (.text:_ti_sysbios_family_c64p_Exception_internalHandler__I)
                  802b0fc0    00000240     ti.targets.rts6000.a64P : LoggerBuf.o64P (.text:_xdc_runtime_LoggerBuf_write8__F)
                  802b1200    00000240     evmdm6437bsl.lib : evmdm6437_psc.obj (.text)
                  802b1440    00000220     rts64plus.lib : _printfi.obj (.text:__pproc_diouxp)
                  802b1660    00000220                   : _printfi.obj (.text:__pproc_str)
                  802b1880    00000220     sysbios.lib : BIOS.obj (.text:_ti_sysbios_knl_Task_schedule__I)
                  802b1aa0    00000220     main.obj (.text)
                  802b1cc0    00000200     rts64plus.lib : addd.obj (.text:__addd)
                  802b1ec0    00000200                   : frcaddd.obj (.text:__frcaddd)
                  802b20c0    00000200                   : _printfi.obj (.text:__pconv_g)
                  802b22c0    00000200     sysbios.lib : c64p_Hwi_disp_always.obj (.text:_ti_sysbios_family_c64p_Hwi_dispatchAlways)
                  802b24c0    00000200                 : BIOS.obj (.text:_ti_sysbios_knl_Task_startup__E)
                  802b26c0    00000200     evmdm6437bsl.lib : evmdm6437_led.obj (.text)
                  802b28c0    000001e0     sysbios.lib : BIOS.obj (.text:_ti_sysbios_knl_Task_exit__E)
                  802b2aa0    000001e0                 : BIOS.obj (.text:_ti_sysbios_timers_timer64_Timer_getFreq__E)
                  802b2c80    000001e0     evmdm6437bsl.lib : evmdm6437_i2c_gpio.obj (.text)
                  802b2e60    000001c0     rts64plus.lib : _printfi.obj (.text:__mcpy)
                  802b3020    000001c0     sysbios.lib : BIOS.obj (.text:_ti_sysbios_knl_Task_checkStacks__E)
                  802b31e0    000001c0     app_p64P.o64P (.text:_xdc_runtime_System_printfExtend__I)
                  802b33a0    000001c0     evmdm6437bsl.lib : evmdm6437_gpio.obj (.text)
                  802b3560    000001a0     rts64plus.lib : imath40.obj (.text:__divul)
                  802b3700    000001a0                   : setvbuf.obj (.text:_setvbuf)
                  802b38a0    000001a0     sysbios.lib : BIOS.obj (.text:_ti_sysbios_gates_GateMutex_enter__E)
                  802b3a40    000001a0                 : BIOS.obj (.text:_ti_sysbios_timers_timer64_Timer_start__E)
                  802b3be0    000001a0     ti.targets.rts6000.a64P : LoggerBuf.o64P (.text:_xdc_runtime_LoggerBuf_write4__F)
                  802b3d80    00000180     rts64plus.lib : trgdrv.obj (.text:_HOSTrename)
                  802b3f00    00000180                   : frcmpyd_div.obj (.text:__frcmpyd_div)
                  802b4080    00000180     sysbios.lib : BIOS.obj (.text:_ti_sysbios_heaps_HeapMem_Instance_init__F)
                  802b4200    00000180                 : BIOS.obj (.text:_ti_sysbios_knl_Semaphore_post__E)
                  802b4380    00000180                 : BIOS.obj (.text:_ti_sysbios_knl_Task_unblockI__E)
                  802b4500    00000180     ti.targets.rts6000.a64P : Text.o64P (.text:_xdc_runtime_Text_putSite__F)
                  802b4680    00000180     sysbios.lib : c64p_Exception_asm.obj (.text)
                  802b4800    00000180     tvp5146.obj (.text)
                  802b4980    00000160     evmdm6437bsl.lib : evmdm6437_ddr.obj (.text)
                  802b4ae0    00000140     rts64plus.lib : fputc.obj (.text:_fputc)
                  802b4c20    00000140                   : lowlev.obj (.text:_getdevice)
                  802b4d60    00000140     sysbios.lib : BIOS.obj (.text:_ti_sysbios_family_c64p_Hwi_Module_startup__F)
                  802b4ea0    00000140                 : BIOS.obj (.text:_ti_sysbios_knl_Clock_Instance_finalize__F)
                  802b4fe0    00000140                 : BIOS.obj (.text:_ti_sysbios_knl_Semaphore_Instance_init__F)
                  802b5120    00000140                 : BIOS.obj (.text:_ti_sysbios_knl_Swi_post__E)
                  802b5260    00000140                 : BIOS.obj (.text:_ti_sysbios_knl_Task_blockI__E)
                  802b53a0    00000140     evmdm6437bsl.lib : evmdm6437_flash.obj (.text)
                  802b54e0    00000120     rts64plus.lib : imath64.obj (.text:__divlli)
                  802b5600    00000120                   : _printfi.obj (.text:__pproc_fflags)
                  802b5720    00000120                   : fclose.obj (.text:_fclose)
                  802b5840    00000120     sysbios.lib : BIOS.obj (.text:_rtsUnlock$0)
                  802b5960    00000120     ti.targets.rts6000.a64P : LoggerBuf.o64P (.text:_xdc_runtime_LoggerBuf_setFilterLevel__F)
                  802b5a80    00000120                             : Text.o64P (.text:_xdc_runtime_Text_putLab__F)
                  802b5ba0    00000100     rts64plus.lib : trgdrv.obj (.text:_HOSTlseek)
                  802b5ca0    00000100     boot.a64P : autoinit.o64P (.text:__auto_init)
                  802b5da0    00000100     rts64plus.lib : frcmpyd.obj (.text:__frcmpyd)
                  802b5ea0    00000100                   : _printfi.obj (.text:__ltostr)
                  802b5fa0    00000100                   : _io_perm.obj (.text:__wrt_ok)
                  802b60a0    00000100                   : sinit.obj (.text:_call_dtors)
                  802b61a0    00000100     sysbios.lib : BIOS.obj (.text:_initDevice$23)
                  802b62a0    00000100     ti.targets.rts6000.a64P : Core-mem.o64P (.text:_xdc_runtime_Core_deleteObject__I)
                  802b63a0    00000100                             : LoggerBuf.o64P (.text:_xdc_runtime_LoggerBuf_getFilterLevel__F)
                  802b64a0    00000100                             : Startup.o64P (.text:_xdc_runtime_Startup_exec__F)
                  802b65a0    00000100                             : Text.o64P (.text:_xdc_runtime_Text_putMod__F)
                  802b66a0    00000100                             : Text.o64P (.text:_xdc_runtime_Text_visitRope2__I)
                  802b67a0    000000e0     rts64plus.lib : trgdrv.obj (.text:_HOSTopen)
                  802b6880    000000e0                   : cmpd.obj (.text:__cmpd)
                  802b6960    000000e0                   : divi.obj (.text:__divi)
                  802b6a40    000000e0                   : atoi.obj (.text:_atoi)
                  802b6b20    000000e0                   : lowlev.obj (.text:_close)
                  802b6c00    000000e0                   : exit.obj (.text:_exit)
                  802b6ce0    000000e0                   : memset.obj (.text:_memset)
                  802b6dc0    000000e0     sysbios.lib : BIOS.obj (.text:_ti_sysbios_family_c64p_dm6437_TimerSupport_enable__E)
                  802b6ea0    000000e0                 : BIOS.obj (.text:_ti_sysbios_timers_timer64_Timer_startup__E)
                  802b6f80    000000e0     ti.targets.rts6000.a64P : Error.o64P (.text:_xdc_runtime_Error_print__F)
                  802b7060    000000e0     app_p64P.o64P (.text:_xdc_runtime_LoggerBuf_Object__create__S)
                  802b7140    000000e0     ti.targets.rts6000.a64P : Memory.o64P (.text:_xdc_runtime_Memory_alloc__F)
                  802b7220    000000c0     rts64plus.lib : trgdrv.obj (.text:_HOSTread)
                  802b72e0    000000c0                   : trgdrv.obj (.text:_HOSTunlink)
                  802b73a0    000000c0                   : trgdrv.obj (.text:_HOSTwrite)
                  802b7460    000000c0                   : fopen.obj (.text:__cleanup)
                  802b7520    000000c0                   : _printfi.obj (.text:__div)
                  802b75e0    000000c0                   : divu.obj (.text:__divu)
                  802b76a0    000000c0                   : fflush.obj (.text:__doflush)
                  802b7760    000000c0                   : atexit.obj (.text:_atexit)
                  802b7820    000000c0                   : fseek.obj (.text:_fseek)
                  802b78e0    000000c0                   : lowlev.obj (.text:_lseek)
                  802b79a0    000000c0                   : ltoa.obj (.text:_ltoa)
                  802b7a60    000000c0     sysbios.lib : BIOS.obj (.text:_ti_sysbios_BIOS_errorRaiseHook__I)
                  802b7b20    000000c0                 : BIOS.obj (.text:_ti_sysbios_heaps_HeapMem_getStats__E)
                  802b7be0    000000c0                 : BIOS.obj (.text:_ti_sysbios_knl_Clock_logTick__E)
                  802b7ca0    000000c0     rts64plus.lib : lowlev.obj (.text:_write)
                  802b7d60    000000c0     ti.targets.rts6000.a64P : LoggerBuf.o64P (.text:_xdc_runtime_LoggerBuf_Instance_init__F)
                  802b7e20    000000c0                             : System.o64P (.text:_xdc_runtime_System_formatNum__I)
                  802b7ee0    000000a0     rts64plus.lib : trgdrv.obj (.text:_HOSTclose)
                  802b7f80    000000a0                   : imath40.obj (.text:__divli)
                  802b8020    000000a0                   : _printfi.obj (.text:__ecpy)
                  802b80c0    000000a0                   : _printfi.obj (.text:__fcpy)
                  802b8160    000000a0                   : fixdli.obj (.text:__fixdli)
                  802b8200    000000a0                   : _printfi.obj (.text:__pconv_f)
                  802b82a0    000000a0                   : remu.obj (.text:__remu)
                  802b8340    000000a0     boot.a64P : boot.o64P (.text:_c_int00)
                  802b83e0    000000a0     rts64plus.lib : lowlev.obj (.text:_finddevice)
                  802b8480    000000a0                   : memcpy64.obj (.text:_memcpy)
                  802b8520    000000a0     sysbios.lib : BIOS.obj (.text:_ti_sysbios_heaps_HeapMem_init__I)
                  802b85c0    000000a0     app_p64P.o64P (.text:_ti_sysbios_knl_Clock_Object__create__S)
                  802b8660    000000a0     sysbios.lib : BIOS.obj (.text:_ti_sysbios_knl_Idle_loop__E)
                  802b8700    000000a0     ti.targets.rts6000.a64P : Assert.o64P (.text:_xdc_runtime_Assert_raise__I)
                  802b87a0    000000a0                             : LoggerBuf.o64P (.text:_xdc_runtime_LoggerBuf_Module_startup__F)
                  802b8840    000000a0                             : SysMin.o64P (.text:_xdc_runtime_SysMin_abort__F)
                  802b88e0    000000a0                             : SysMin.o64P (.text:_xdc_runtime_SysMin_flush__F)
                  802b8980    000000a0                             : SysMin.o64P (.text:_xdc_runtime_SysMin_putch__F)
                  802b8a20    00000080     rts64plus.lib : fixdi.obj (.text:__fixdi)
                  802b8aa0    00000080                   : fixdu.obj (.text:__fixdu)
                  802b8b20    00000080                   : fltlid.obj (.text:__fltlid)
                  802b8ba0    00000080                   : llshift.obj (.text:__llshl)
                  802b8c20    00000080                   : renormd.obj (.text:__renormd)
                  802b8ca0    00000080     app_p64P.o64P (.text:_malloc)
                  802b8d20    00000080     rts64plus.lib : printf.obj (.text:_printf)
                  802b8da0    00000080                   : trgmsg.obj (.text:_readmsg)
                  802b8e20    00000080     sysbios.lib : BIOS.obj (.text:_ti_sysbios_family_c62_TaskSupport_start__E)
                  802b8ea0    00000080                 : c62_TaskSupport_asm.obj (.text:_ti_sysbios_family_c62_TaskSupport_swap__E)
                  802b8f20    00000080     app_p64P.o64P (.text:_ti_sysbios_gates_GateHwi_Object__create__S)
                  802b8fa0    00000080     app_p64P.o64P (.text:_ti_sysbios_gates_GateMutex_Object__create__S)
                  802b9020    00000080     app_p64P.o64P (.text:_ti_sysbios_heaps_HeapMem_Object__create__S)
                  802b90a0    00000080     app_p64P.o64P (.text:_ti_sysbios_knl_Clock_doTick__I)
                  802b9120    00000080     app_p64P.o64P (.text:_ti_sysbios_knl_Queue_Object__create__S)
                  802b91a0    00000080     app_p64P.o64P (.text:_ti_sysbios_knl_Semaphore_Object__create__S)
                  802b9220    00000080     sysbios.lib : BIOS.obj (.text:_ti_sysbios_knl_Swi_startup__E)
                  802b92a0    00000080                 : BIOS.obj (.text:_ti_sysbios_knl_Task_restore__E)
                  802b9320    00000080                 : BIOS.obj (.text:_ti_sysbios_timers_timer64_Timer_getPeriod__E)
                  802b93a0    00000080     rts64plus.lib : lowlev.obj (.text:_unlink)
                  802b9420    00000080     ti.targets.rts6000.a64P : Core-label.o64P (.text:_xdc_runtime_Core_assignLabel__I)
                  802b94a0    00000080                             : Core-params.o64P (.text:_xdc_runtime_Core_assignParams__I)
                  802b9520    00000080                             : LoggerBuf.o64P (.text:_xdc_runtime_LoggerBuf_filterOutEvent__I)
                  802b95a0    00000080     app_p64P.o64P (.text:_xdc_runtime_SysMin_output__I)
                  802b9620    00000080     ti.targets.rts6000.a64P : System.o64P (.text:_xdc_runtime_System_atexit__F)
                  802b96a0    00000080                             : System.o64P (.text:_xdc_runtime_System_rtsExit__I)
                  802b9720    00000080                             : Text.o64P (.text:_xdc_runtime_Text_printVisFxn__I)
                  802b97a0    00000080                             : Text.o64P (.text:_xdc_runtime_Text_xprintf__I)
                  802b9820    00000080     evmdm6437bsl.lib : evmdm6437_dip.obj (.text)
                  802b98a0    00000080     sysbios.lib : BIOS.obj (.text:ti_sysbios_hal_Hwi_initStack:_ti_sysbios_hal_Hwi_initStack)
                  802b9920    00000060     rts64plus.lib : imath64.obj (.text:__subcull)
                  802b9980    00000060                   : memccpy.obj (.text:_memccpy)
                  802b99e0    00000060                   : sprintf.obj (.text:_sprintf)
                  802b9a40    00000060     app_p64P.o64P (.text:_ti_sysbios_BIOS_exitFunc__I)
                  802b9aa0    00000060     sysbios.lib : BIOS.obj (.text:_ti_sysbios_BIOS_registerRTSLock__I)
                  802b9b00    00000060                 : BIOS.obj (.text:_ti_sysbios_family_c64p_Cache_setMar__E)
                  802b9b60    00000060                 : BIOS.obj (.text:_ti_sysbios_family_c64p_Exception_Module_startup__F)
                  802b9bc0    00000060     app_p64P.o64P (.text:_ti_sysbios_gates_GateHwi_Handle__label__S)
                  802b9c20    00000060     app_p64P.o64P (.text:_ti_sysbios_gates_GateMutex_Handle__label__S)
                  802b9c80    00000060     sysbios.lib : BIOS.obj (.text:_ti_sysbios_gates_GateMutex_Instance_init__F)
                  802b9ce0    00000060     app_p64P.o64P (.text:_ti_sysbios_gates_GateMutex_Object__delete__S)
                  802b9d40    00000060     app_p64P.o64P (.text:_ti_sysbios_heaps_HeapMem_Handle__label__S)
                  802b9da0    00000060     sysbios.lib : BIOS.obj (.text:_ti_sysbios_knl_Clock_Module_startup__F)
                  802b9e00    00000060                 : BIOS.obj (.text:_ti_sysbios_knl_Semaphore_pendTimeout__I)
                  802b9e60    00000060                 : BIOS.obj (.text:_ti_sysbios_knl_Swi_Module_startup__F)
                  802b9ec0    00000060                 : BIOS.obj (.text:_ti_sysbios_knl_Task_allBlockedFunction__I)
                  802b9f20    00000060                 : BIOS.obj (.text:_ti_sysbios_knl_Task_enter__I)
                  802b9f80    00000060     rts64plus.lib : trgmsg.obj (.text:_writemsg)
                  802b9fe0    00000060     app_p64P.o64P (.text:_xdc_runtime_LoggerBuf_Handle__label__S)
                  802ba040    00000060     app_p64P.o64P (.text:_xdc_runtime_LoggerBuf_Object__delete__S)
                  802ba0a0    00000060     ti.targets.rts6000.a64P : Memory.o64P (.text:_xdc_runtime_Memory_calloc__F)
                  802ba100    00000060                             : SysMin.o64P (.text:_xdc_runtime_SysMin_Module_startup__F)
                  802ba160    00000060                             : SysMin.o64P (.text:_xdc_runtime_SysMin_exit__F)
                  802ba1c0    00000060                             : System.o64P (.text:_xdc_runtime_System_avprintf__F)
                  802ba220    00000060                             : System.o64P (.text:_xdc_runtime_System_vprintf__F)
                  802ba280    00000060                             : Text.o64P (.text:_xdc_runtime_Text_cordText__F)
                  802ba2e0    00000060     sysbios.lib : BIOS.obj (.text:ti_sysbios_hal_Hwi_checkStack:_ti_sysbios_hal_Hwi_checkStack)
                  802ba340    00000040     rts64plus.lib : sinit.obj (.text:___add_dtor)
                  802ba380    00000040                   : isinf.obj (.text:___isinf)
                  802ba3c0    00000040                   : _printfi.obj (.text:___isnan)
                  802ba400    00000040                   : divd.obj (.text:___isnan)
                  802ba440    00000040                   : args_main.obj (.text:__args_main)
                  802ba480    00000040                   : fltud.obj (.text:__fltud)
                  802ba4c0    00000040                   : llshift.obj (.text:__llshru)
                  802ba500    00000040                   : negd.obj (.text:__negd)
                  802ba540    00000040                   : sprintf.obj (.text:__outs)
                  802ba580    00000040                   : imath40.obj (.text:__remli)
                  802ba5c0    00000040                   : strasg.obj (.text:__strasgi_64plus)
                  802ba600    00000040                   : subd.obj (.text:__subd)
                  802ba640    00000040     app_p64P.o64P (.text:_free)
                  802ba680    00000040     rts64plus.lib : abs.obj (.text:_llabs)
                  802ba6c0    00000040     sysbios.lib : BIOS.obj (.text:_rtsLock$0)
                  802ba700    00000040     app_p64P.o64P (.text:_ti_sysbios_BIOS_startFunc__I)
                  802ba740    00000040     sysbios.lib : c62_TaskSupport_asm.obj (.text:_ti_sysbios_family_c62_TaskSupport_buildTaskStack)
                  802ba780    00000040     app_p64P.o64P (.text:_ti_sysbios_family_c64p_Hwi_Module__startupDone__F)
                  802ba7c0    00000040     sysbios.lib : BIOS.obj (.text:_ti_sysbios_family_c64p_Hwi_disableInterrupt__E)
                  802ba800    00000040                 : BIOS.obj (.text:_ti_sysbios_family_c64p_Hwi_enableInterrupt__E)
                  802ba840    00000040                 : c64p_Hwi_asm_switch.obj (.text:_ti_sysbios_family_xxx_Hwi_switchToIsrStack)
                  802ba880    00000040     app_p64P.o64P (.text:_ti_sysbios_gates_GateHwi_Object__delete__S)
                  802ba8c0    00000040     sysbios.lib : BIOS.obj (.text:_ti_sysbios_gates_GateMutex_leave__E)
                  802ba900    00000040     app_p64P.o64P (.text:_ti_sysbios_hal_Timer_Module__startupDone__F)
                  802ba940    00000040     app_p64P.o64P (.text:_ti_sysbios_heaps_HeapMem_Object__delete__S)
                  802ba980    00000040     app_p64P.o64P (.text:_ti_sysbios_heaps_HeapMem_Object__get__S)
                  802ba9c0    00000040     app_p64P.o64P (.text:_ti_sysbios_knl_Clock_Object__destruct__S)
                  802baa00    00000040     app_p64P.o64P (.text:_ti_sysbios_knl_Clock_Params__init__S)
                  802baa40    00000040     app_p64P.o64P (.text:_ti_sysbios_knl_Queue_Object__destruct__S)
                  802baa80    00000040     app_p64P.o64P (.text:_ti_sysbios_knl_Semaphore_Object__destruct__S)
                  802baac0    00000040     app_p64P.o64P (.text:_ti_sysbios_knl_Swi_Object__get__S)
                  802bab00    00000040     app_p64P.o64P (.text:_ti_sysbios_knl_Task_Object__get__S)
                  802bab40    00000040     app_p64P.o64P (.text:_ti_sysbios_timers_timer64_Timer_Module__startupDone__F)
                  802bab80    00000040     ti.targets.rts6000.a64P : Error.o64P (.text:_xdc_runtime_Error_check__F)
                  802babc0    00000040                             : Error.o64P (.text:_xdc_runtime_Error_init__F)
                  802bac00    00000040                             : LoggerBuf.o64P (.text:_xdc_runtime_LoggerBuf_Instance_finalize__F)
                  802bac40    00000040     app_p64P.o64P (.text:_xdc_runtime_LoggerBuf_Object__get__S)
                  802bac80    00000040     ti.targets.rts6000.a64P : LoggerBuf.o64P (.text:_xdc_runtime_LoggerBuf_write0__F)
                  802bacc0    00000040     app_p64P.o64P (.text:_xdc_runtime_LoggerBuf_write8__E)
                  802bad00    00000040     app_p64P.o64P (.text:_xdc_runtime_Memory_HeapProxy_alloc__E)
                  802bad40    00000040     app_p64P.o64P (.text:_xdc_runtime_Memory_HeapProxy_free__E)
                  802bad80    00000040     ti.targets.rts6000.a64P : Memory.o64P (.text:_xdc_runtime_Memory_free__F)
                  802badc0    00000040                             : Registry.o64P (.text:_xdc_runtime_Registry_findById__F)
                  802bae00    00000040                             : System.o64P (.text:_xdc_runtime_System_abort__F)
                  802bae40    00000040     app_p64P.o64P (.text:_xdc_runtime_System_aprintf__E)
                  802bae80    00000040     app_p64P.o64P (.text:_xdc_runtime_System_printf__E)
                  802baec0    00000040     ti.targets.rts6000.a64P : Text.o64P (.text:_xdc_runtime_Text_ropeText__F)
                  802baf00    00000020                             : xdc_noinit.o64P (.text:___xdc__init)
                  802baf20    00000020     rts64plus.lib : negll.obj (.text:__negll)
                  802baf40    00000020                   : _lock.obj (.text:__nop)
                  802baf60    00000020                   : printf.obj (.text:__outc)
                  802baf80    00000020                   : sprintf.obj (.text:__outc)
                  802bafa0    00000020                   : printf.obj (.text:__outs)
                  802bafc0    00000020                   : _lock.obj (.text:__register_lock)
                  802bafe0    00000020                   : _lock.obj (.text:__register_unlock)
                  802bb000    00000020                   : exit.obj (.text:_abort)
                  802bb020    00000020     sysbios.lib : BIOS.obj (.text:_nullFunc$0)
                  802bb040    00000020     rts64plus.lib : remove.obj (.text:_remove)
                  802bb060    00000020     app_p64P.o64P (.text:_ti_sysbios_BIOS_RtsGateProxy_enter__E)
                  802bb080    00000020     app_p64P.o64P (.text:_ti_sysbios_BIOS_RtsGateProxy_leave__E)
                  802bb0a0    00000020     sysbios.lib : BIOS.obj (.text:_ti_sysbios_BIOS_setThreadType__E)
                  802bb0c0    00000020                 : BIOS.obj (.text:_ti_sysbios_BIOS_start__E)
                  802bb0e0    00000020     app_p64P.o64P (.text:_ti_sysbios_family_c62_TaskSupport_Module__startupDone__S)
                  802bb100    00000020     sysbios.lib : BIOS.obj (.text:_ti_sysbios_family_c62_TaskSupport_checkStack__E)
                  802bb120    00000020                 : c62_TaskSupport_asm.obj (.text:_ti_sysbios_family_c62_TaskSupport_glue)
                  802bb140    00000020     app_p64P.o64P (.text:_ti_sysbios_family_c64p_Cache_Module_startup__E)
                  802bb160    00000020     app_p64P.o64P (.text:_ti_sysbios_family_c64p_Exception_Module_startup__E)
                  802bb180    00000020     app_p64P.o64P (.text:_ti_sysbios_family_c64p_Hwi_Module_startup__E)
                  802bb1a0    00000020     sysbios.lib : BIOS.obj (.text:_ti_sysbios_family_c64p_Hwi_clearInterrupt__E)
                  802bb1c0    00000020                 : BIOS.obj (.text:_ti_sysbios_family_c64p_Hwi_startup__E)
                  802bb1e0    00000020                 : BIOS.obj (.text:_ti_sysbios_family_c64p_Hwi_switchFromBootStack__E)
                  802bb200    00000020     app_p64P.o64P (.text:_ti_sysbios_family_c64p_TimestampProvider_Module_startup__E)
                  802bb220    00000020     sysbios.lib : BIOS.obj (.text:_ti_sysbios_family_c64p_TimestampProvider_Module_startup__F)
                  802bb240    00000020                 : BIOS.obj (.text:_ti_sysbios_family_c64p_TimestampProvider_get64__E)
                  802bb260    00000020                 : c64p_Hwi_asm_switch.obj (.text:_ti_sysbios_family_xxx_Hwi_switchToTaskStack)
                  802bb280    00000020                 : BIOS.obj (.text:_ti_sysbios_gates_GateHwi_Instance_init__F)
                  802bb2a0    00000020                 : BIOS.obj (.text:_ti_sysbios_gates_GateHwi_enter__E)
                  802bb2c0    00000020                 : BIOS.obj (.text:_ti_sysbios_gates_GateHwi_leave__E)
                  802bb2e0    00000020     app_p64P.o64P (.text:_ti_sysbios_gates_GateHwi_query__E)
                  802bb300    00000020     sysbios.lib : BIOS.obj (.text:_ti_sysbios_gates_GateHwi_query__F)
                  802bb320    00000020                 : BIOS.obj (.text:_ti_sysbios_gates_GateMutex_Instance_finalize__F)
                  802bb340    00000020     app_p64P.o64P (.text:_ti_sysbios_gates_GateMutex_query__E)
                  802bb360    00000020     sysbios.lib : BIOS.obj (.text:_ti_sysbios_gates_GateMutex_query__F)
                  802bb380    00000020     app_p64P.o64P (.text:_ti_sysbios_hal_Hwi_HwiProxy_clearInterrupt__E)
                  802bb3a0    00000020     app_p64P.o64P (.text:_ti_sysbios_hal_Hwi_HwiProxy_disableInterrupt__E)
                  802bb3c0    00000020     app_p64P.o64P (.text:_ti_sysbios_hal_Hwi_HwiProxy_enableInterrupt__E)
                  802bb3e0    00000020     app_p64P.o64P (.text:_ti_sysbios_hal_Hwi_HwiProxy_startup__E)
                  802bb400    00000020     app_p64P.o64P (.text:_ti_sysbios_hal_Hwi_HwiProxy_switchFromBootStack__E)
                  802bb420    00000020     app_p64P.o64P (.text:_ti_sysbios_hal_Hwi_Module_startup__E)
                  802bb440    00000020     sysbios.lib : BIOS.obj (.text:_ti_sysbios_hal_Hwi_Module_startup__F)
                  802bb460    00000020                 : BIOS.obj (.text:_ti_sysbios_hal_Hwi_startup__E)
                  802bb480    00000020     app_p64P.o64P (.text:_ti_sysbios_hal_Timer_Module_startup__E)
                  802bb4a0    00000020     sysbios.lib : BIOS.obj (.text:_ti_sysbios_hal_Timer_Module_startup__F)
                  802bb4c0    00000020     app_p64P.o64P (.text:_ti_sysbios_hal_Timer_TimerProxy_getPeriod__E)
                  802bb4e0    00000020     app_p64P.o64P (.text:_ti_sysbios_hal_Timer_TimerProxy_startup__E)
                  802bb500    00000020     sysbios.lib : BIOS.obj (.text:_ti_sysbios_hal_Timer_startup__E)
                  802bb520    00000020     app_p64P.o64P (.text:_ti_sysbios_heaps_HeapMem_Module_GateProxy_enter__E)
                  802bb540    00000020     app_p64P.o64P (.text:_ti_sysbios_heaps_HeapMem_Module_GateProxy_leave__E)
                  802bb560    00000020     sysbios.lib : BIOS.obj (.text:_ti_sysbios_heaps_HeapMem_isBlocking__E)
                  802bb580    00000020     app_p64P.o64P (.text:_ti_sysbios_knl_Clock_Module_startup__E)
                  802bb5a0    00000020     sysbios.lib : BIOS.obj (.text:_ti_sysbios_knl_Queue_Instance_init__F)
                  802bb5c0    00000020     app_p64P.o64P (.text:_ti_sysbios_knl_Queue_Object__get__S)
                  802bb5e0    00000020     sysbios.lib : BIOS.obj (.text:_ti_sysbios_knl_Queue_empty__E)
                  802bb600    00000020                 : BIOS.obj (.text:_ti_sysbios_knl_Semaphore_Instance_finalize__F)
                  802bb620    00000020     app_p64P.o64P (.text:_ti_sysbios_knl_Swi_Module_startup__E)
                  802bb640    00000020     sysbios.lib : BIOS.obj (.text:_ti_sysbios_knl_Swi_disable__E)
                  802bb660    00000020     app_p64P.o64P (.text:_ti_sysbios_knl_Task_Module_startup__E)
                  802bb680    00000020     app_p64P.o64P (.text:_ti_sysbios_knl_Task_SupportProxy_checkStack__E)
                  802bb6a0    00000020     app_p64P.o64P (.text:_ti_sysbios_knl_Task_SupportProxy_start__E)
                  802bb6c0    00000020     app_p64P.o64P (.text:_ti_sysbios_knl_Task_SupportProxy_swap__E)
                  802bb6e0    00000020     sysbios.lib : BIOS.obj (.text:_ti_sysbios_knl_Task_disable__E)
                  802bb700    00000020     app_p64P.o64P (.text:_ti_sysbios_timers_timer64_Timer_Module_startup__E)
                  802bb720    00000020     app_p64P.o64P (.text:_ti_sysbios_timers_timer64_Timer_TimerSupportProxy_enable__E)
                  802bb740    00000020     app_p64P.o64P (.text:_xdc_runtime_Error_print__E)
                  802bb760    00000020     ti.targets.rts6000.a64P : Gate.o64P (.text:_xdc_runtime_Gate_enterSystem__F)
                  802bb780    00000020                             : Gate.o64P (.text:_xdc_runtime_Gate_leaveSystem__F)
                  802bb7a0    00000020     app_p64P.o64P (.text:_xdc_runtime_LoggerBuf_Module_GateProxy_enter__E)
                  802bb7c0    00000020     app_p64P.o64P (.text:_xdc_runtime_LoggerBuf_Module_GateProxy_leave__E)
                  802bb7e0    00000020     app_p64P.o64P (.text:_xdc_runtime_LoggerBuf_Module_startup__E)
                  802bb800    00000020     app_p64P.o64P (.text:_xdc_runtime_LoggerBuf_TimestampProxy_get64__E)
                  802bb820    00000020     app_p64P.o64P (.text:_xdc_runtime_LoggerBuf_disable__E)
                  802bb840    00000020     ti.targets.rts6000.a64P : LoggerBuf.o64P (.text:_xdc_runtime_LoggerBuf_disable__F)
                  802bb860    00000020     app_p64P.o64P (.text:_xdc_runtime_LoggerBuf_enable__E)
                  802bb880    00000020     ti.targets.rts6000.a64P : LoggerBuf.o64P (.text:_xdc_runtime_LoggerBuf_enable__F)
                  802bb8a0    00000020     app_p64P.o64P (.text:_xdc_runtime_LoggerBuf_getFilterLevel__E)
                  802bb8c0    00000020     app_p64P.o64P (.text:_xdc_runtime_LoggerBuf_setFilterLevel__E)
                  802bb8e0    00000020     app_p64P.o64P (.text:_xdc_runtime_LoggerBuf_write0__E)
                  802bb900    00000020     app_p64P.o64P (.text:_xdc_runtime_LoggerBuf_write1__E)
                  802bb920    00000020     ti.targets.rts6000.a64P : LoggerBuf.o64P (.text:_xdc_runtime_LoggerBuf_write1__F)
                  802bb940    00000020     app_p64P.o64P (.text:_xdc_runtime_LoggerBuf_write2__E)
                  802bb960    00000020     ti.targets.rts6000.a64P : LoggerBuf.o64P (.text:_xdc_runtime_LoggerBuf_write2__F)
                  802bb980    00000020     app_p64P.o64P (.text:_xdc_runtime_LoggerBuf_write4__E)
                  802bb9a0    00000020     app_p64P.o64P (.text:_xdc_runtime_Startup_exec__I)
                  802bb9c0    00000020     app_p64P.o64P (.text:_xdc_runtime_Startup_reset__I)
                  802bb9e0    00000020     app_p64P.o64P (.text:_xdc_runtime_SysMin_Module_startup__E)
                  802bba00    00000020     app_p64P.o64P (.text:_xdc_runtime_SysMin_abort__E)
                  802bba20    00000020     app_p64P.o64P (.text:_xdc_runtime_SysMin_exit__E)
                  802bba40    00000020     app_p64P.o64P (.text:_xdc_runtime_SysMin_putch__E)
                  802bba60    00000020     app_p64P.o64P (.text:_xdc_runtime_SysMin_ready__E)
                  802bba80    00000020     ti.targets.rts6000.a64P : SysMin.o64P (.text:_xdc_runtime_SysMin_ready__F)
                  802bbaa0    00000020     app_p64P.o64P (.text:_xdc_runtime_System_Module_GateProxy_enter__E)
                  802bbac0    00000020     app_p64P.o64P (.text:_xdc_runtime_System_Module_GateProxy_leave__E)
                  802bbae0    00000020     app_p64P.o64P (.text:_xdc_runtime_System_Module_startup__E)
                  802bbb00    00000020     ti.targets.rts6000.a64P : System.o64P (.text:_xdc_runtime_System_Module_startup__F)
                  802bbb20    00000020                             : System.o64P (.text:_xdc_runtime_System_exit__F)
                  802bbb40    00000020                             : System.o64P (.text:_xdc_runtime_System_vsprintf__F)
                  802bbb60    00000020     app_p64P.o64P (.text:_xdc_runtime_Text_visitRope__I)

.const.2   0    802bbb80    0000984e     
                  802bbb80    00001141     app_p64P.o64P (.const:xdc_runtime_Text_charTab__A)
                  802bccc1    00000002     rts64plus.lib : fputs.obj (.const:.string)
                  802bccc3    00000001     --HOLE-- [fill = 0]
                  802bccc4    000003d0     sysbios.lib : BIOS.obj (.const:.string)
                  802bd094    00000004     ti.targets.rts6000.a64P : Assert.o64P (.const:.string)
                  802bd098    00000270     tahomabold_20.obj (.const:_tahomabold_20_37)
                  802bd308    00000222     tahomabold_20.obj (.const:_tahomabold_20_87)
                  802bd52a    00000002     --HOLE-- [fill = 0]
                  802bd52c    00000004     ti.targets.rts6000.a64P : Diags.o64P (.const:.string)
                  802bd530    000001ee     tahomabold_20.obj (.const:_tahomabold_20_109)
                  802bd71e    00000002     --HOLE-- [fill = 0]
                  802bd720    000001d4     tahomabold_20.obj (.const:_tahomabold_20_119)
                  802bd8f4    00000004     app_p64P.o64P (.const:ti_sysbios_BIOS_Module__diagsEnabled__C)
                  802bd8f8    000001d4     tahomabold_20.obj (.const:_tahomabold_20_64)
                  802bdacc    00000004     app_p64P.o64P (.const:ti_sysbios_BIOS_Module__diagsIncluded__C)
                  802bdad0    000001d4     tahomabold_20.obj (.const:_tahomabold_20_77)
                  802bdca4    00000004     app_p64P.o64P (.const:ti_sysbios_BIOS_Module__diagsMask__C)
                  802bdca8    000001ba     tahomabold_20.obj (.const:_tahomabold_20_38)
                  802bde62    00000002     --HOLE-- [fill = 0]
                  802bde64    00000004     app_p64P.o64P (.const:ti_sysbios_BIOS_installedErrorHook__C)
                  802bde68    000001a0     tahomabold_20.obj (.const:_tahomabold_20_126)
                  802be008    000001a0     tahomabold_20.obj (.const:_tahomabold_20_35)
                  802be1a8    000001a0     tahomabold_20.obj (.const:_tahomabold_20_43)
                  802be348    000001a0     tahomabold_20.obj (.const:_tahomabold_20_60)
                  802be4e8    000001a0     tahomabold_20.obj (.const:_tahomabold_20_61)
                  802be688    000001a0     tahomabold_20.obj (.const:_tahomabold_20_62)
                  802be828    000001a0     tahomabold_20.obj (.const:_tahomabold_20_94)
                  802be9c8    00000186     tahomabold_20.obj (.const:_tahomabold_20_68)
                  802beb4e    00000002     --HOLE-- [fill = 0]
                  802beb50    00000186     tahomabold_20.obj (.const:_tahomabold_20_71)
                  802becd6    00000002     --HOLE-- [fill = 0]
                  802becd8    00000186     tahomabold_20.obj (.const:_tahomabold_20_72)
                  802bee5e    00000002     --HOLE-- [fill = 0]
                  802bee60    00000186     tahomabold_20.obj (.const:_tahomabold_20_78)
                  802befe6    00000002     --HOLE-- [fill = 0]
                  802befe8    00000186     tahomabold_20.obj (.const:_tahomabold_20_79)
                  802bf16e    00000002     --HOLE-- [fill = 0]
                  802bf170    00000186     tahomabold_20.obj (.const:_tahomabold_20_81)
                  802bf2f6    00000002     --HOLE-- [fill = 0]
                  802bf2f8    00000186     tahomabold_20.obj (.const:_tahomabold_20_82)
                  802bf47e    00000002     --HOLE-- [fill = 0]
                  802bf480    00000186     tahomabold_20.obj (.const:_tahomabold_20_85)
                  802bf606    00000002     --HOLE-- [fill = 0]
                  802bf608    0000016c     tahomabold_20.obj (.const:_tahomabold_20_65)
                  802bf774    00000004     app_p64P.o64P (.const:ti_sysbios_family_c64p_Cache_MAR0_31__C)
                  802bf778    0000016c     tahomabold_20.obj (.const:_tahomabold_20_66)
                  802bf8e4    00000004     app_p64P.o64P (.const:ti_sysbios_family_c64p_Cache_MAR128_159__C)
                  802bf8e8    0000016c     tahomabold_20.obj (.const:_tahomabold_20_75)
                  802bfa54    00000004     app_p64P.o64P (.const:ti_sysbios_family_c64p_Cache_MAR160_191__C)
                  802bfa58    0000016c     tahomabold_20.obj (.const:_tahomabold_20_86)
                  802bfbc4    00000004     app_p64P.o64P (.const:ti_sysbios_family_c64p_Cache_MAR192_223__C)
                  802bfbc8    0000016c     tahomabold_20.obj (.const:_tahomabold_20_88)
                  802bfd34    00000004     app_p64P.o64P (.const:ti_sysbios_family_c64p_Cache_MAR224_255__C)
                  802bfd38    0000016c     tahomabold_20.obj (.const:_tahomabold_20_89)
                  802bfea4    00000004     app_p64P.o64P (.const:ti_sysbios_family_c64p_Cache_MAR32_63__C)
                  802bfea8    00000152     tahomabold_20.obj (.const:_tahomabold_20_100)
                  802bfffa    00000002     --HOLE-- [fill = 0]
                  802bfffc    00000004     app_p64P.o64P (.const:ti_sysbios_family_c64p_Cache_MAR64_95__C)
                  802c0000    00000152     tahomabold_20.obj (.const:_tahomabold_20_103)
                  802c0152    00000002     --HOLE-- [fill = 0]
                  802c0154    00000004     app_p64P.o64P (.const:ti_sysbios_family_c64p_Cache_MAR96_127__C)
                  802c0158    00000152     tahomabold_20.obj (.const:_tahomabold_20_104)
                  802c02aa    00000002     --HOLE-- [fill = 0]
                  802c02ac    00000004     app_p64P.o64P (.const:ti_sysbios_family_c64p_Exception_E_exceptionMin__C)
                  802c02b0    00000152     tahomabold_20.obj (.const:_tahomabold_20_110)
                  802c0402    00000002     --HOLE-- [fill = 0]
                  802c0404    00000004     app_p64P.o64P (.const:ti_sysbios_family_c64p_Exception_exceptionHook__C)
                  802c0408    00000152     tahomabold_20.obj (.const:_tahomabold_20_112)
                  802c055a    00000002     --HOLE-- [fill = 0]
                  802c055c    00000004     app_p64P.o64P (.const:ti_sysbios_family_c64p_Exception_externalHook__C)
                  802c0560    00000152     tahomabold_20.obj (.const:_tahomabold_20_113)
                  802c06b2    00000002     --HOLE-- [fill = 0]
                  802c06b4    00000004     app_p64P.o64P (.const:ti_sysbios_family_c64p_Exception_internalHook__C)
                  802c06b8    00000152     tahomabold_20.obj (.const:_tahomabold_20_117)
                  802c080a    00000002     --HOLE-- [fill = 0]
                  802c080c    00000004     app_p64P.o64P (.const:ti_sysbios_family_c64p_Exception_nmiHook__C)
                  802c0810    00000152     tahomabold_20.obj (.const:_tahomabold_20_124)
                  802c0962    00000002     --HOLE-- [fill = 0]
                  802c0964    00000004     app_p64P.o64P (.const:ti_sysbios_family_c64p_Hwi_LD_end__C)
                  802c0968    00000152     tahomabold_20.obj (.const:_tahomabold_20_36)
                  802c0aba    00000002     --HOLE-- [fill = 0]
                  802c0abc    00000004     app_p64P.o64P (.const:ti_sysbios_family_c64p_Hwi_LM_begin__C)
                  802c0ac0    00000152     tahomabold_20.obj (.const:_tahomabold_20_42)
                  802c0c12    00000002     --HOLE-- [fill = 0]
                  802c0c14    00000004     app_p64P.o64P (.const:ti_sysbios_family_c64p_Hwi_Module__diagsEnabled__C)
                  802c0c18    00000152     tahomabold_20.obj (.const:_tahomabold_20_48)
                  802c0d6a    00000002     --HOLE-- [fill = 0]
                  802c0d6c    00000004     app_p64P.o64P (.const:ti_sysbios_family_c64p_Hwi_Module__diagsIncluded__C)
                  802c0d70    00000152     tahomabold_20.obj (.const:_tahomabold_20_49)
                  802c0ec2    00000002     --HOLE-- [fill = 0]
                  802c0ec4    00000004     app_p64P.o64P (.const:ti_sysbios_family_c64p_Hwi_Module__diagsMask__C)
                  802c0ec8    00000152     tahomabold_20.obj (.const:_tahomabold_20_50)
                  802c101a    00000002     --HOLE-- [fill = 0]
                  802c101c    00000004     app_p64P.o64P (.const:ti_sysbios_family_c64p_Hwi_Module__loggerFxn1__C)
                  802c1020    00000152     tahomabold_20.obj (.const:_tahomabold_20_51)
                  802c1172    00000002     --HOLE-- [fill = 0]
                  802c1174    00000004     app_p64P.o64P (.const:ti_sysbios_family_c64p_Hwi_Module__loggerFxn8__C)
                  802c1178    00000152     tahomabold_20.obj (.const:_tahomabold_20_52)
                  802c12ca    00000002     --HOLE-- [fill = 0]
                  802c12cc    00000004     app_p64P.o64P (.const:ti_sysbios_family_c64p_Hwi_Module__loggerObj__C)
                  802c12d0    00000152     tahomabold_20.obj (.const:_tahomabold_20_53)
                  802c1422    00000002     --HOLE-- [fill = 0]
                  802c1424    00000004     app_p64P.o64P (.const:ti_sysbios_gates_GateMutex_A_badContext__C)
                  802c1428    00000152     tahomabold_20.obj (.const:_tahomabold_20_54)
                  802c157a    00000002     --HOLE-- [fill = 0]
                  802c157c    00000004     app_p64P.o64P (.const:ti_sysbios_gates_GateMutex_Instance_State_sem__O)
                  802c1580    00000152     tahomabold_20.obj (.const:_tahomabold_20_55)
                  802c16d2    00000002     --HOLE-- [fill = 0]
                  802c16d4    00000004     app_p64P.o64P (.const:ti_sysbios_gates_GateMutex_Module__diagsEnabled__C)
                  802c16d8    00000152     tahomabold_20.obj (.const:_tahomabold_20_56)
                  802c182a    00000002     --HOLE-- [fill = 0]
                  802c182c    00000004     app_p64P.o64P (.const:ti_sysbios_gates_GateMutex_Module__diagsIncluded__C)
                  802c1830    00000152     tahomabold_20.obj (.const:_tahomabold_20_57)
                  802c1982    00000002     --HOLE-- [fill = 0]
                  802c1984    00000004     app_p64P.o64P (.const:ti_sysbios_gates_GateMutex_Module__diagsMask__C)
                  802c1988    00000152     tahomabold_20.obj (.const:_tahomabold_20_67)
                  802c1ada    00000002     --HOLE-- [fill = 0]
                  802c1adc    00000004     app_p64P.o64P (.const:ti_sysbios_hal_Hwi_E_stackOverflow__C)
                  802c1ae0    00000152     tahomabold_20.obj (.const:_tahomabold_20_80)
                  802c1c32    00000002     --HOLE-- [fill = 0]
                  802c1c34    00000004     app_p64P.o64P (.const:ti_sysbios_heaps_HeapMem_A_align__C)
                  802c1c38    00000152     tahomabold_20.obj (.const:_tahomabold_20_83)
                  802c1d8a    00000002     --HOLE-- [fill = 0]
                  802c1d8c    00000004     app_p64P.o64P (.const:ti_sysbios_heaps_HeapMem_A_heapSize__C)
                  802c1d90    00000152     tahomabold_20.obj (.const:_tahomabold_20_95)
                  802c1ee2    00000002     --HOLE-- [fill = 0]
                  802c1ee4    00000004     app_p64P.o64P (.const:ti_sysbios_heaps_HeapMem_A_invalidFree__C)
                  802c1ee8    00000152     tahomabold_20.obj (.const:_tahomabold_20_98)
                  802c203a    00000002     --HOLE-- [fill = 0]
                  802c203c    00000004     app_p64P.o64P (.const:ti_sysbios_heaps_HeapMem_A_zeroBlock__C)
                  802c2040    00000138     tahomabold_20.obj (.const:_tahomabold_20_101)
                  802c2178    00000138     tahomabold_20.obj (.const:_tahomabold_20_107)
                  802c22b0    00000138     tahomabold_20.obj (.const:_tahomabold_20_111)
                  802c23e8    00000138     tahomabold_20.obj (.const:_tahomabold_20_118)
                  802c2520    00000138     tahomabold_20.obj (.const:_tahomabold_20_120)
                  802c2658    00000138     tahomabold_20.obj (.const:_tahomabold_20_121)
                  802c2790    00000138     tahomabold_20.obj (.const:_tahomabold_20_123)
                  802c28c8    00000138     tahomabold_20.obj (.const:_tahomabold_20_125)
                  802c2a00    00000138     tahomabold_20.obj (.const:_tahomabold_20_47)
                  802c2b38    00000138     tahomabold_20.obj (.const:_tahomabold_20_69)
                  802c2c70    00000138     tahomabold_20.obj (.const:_tahomabold_20_70)
                  802c2da8    00000138     tahomabold_20.obj (.const:_tahomabold_20_84)
                  802c2ee0    00000138     tahomabold_20.obj (.const:_tahomabold_20_90)
                  802c3018    00000138     tahomabold_20.obj (.const:_tahomabold_20_92)
                  802c3150    00000138     tahomabold_20.obj (.const:_tahomabold_20_97)
                  802c3288    0000011e     tahomabold_20.obj (.const:_tahomabold_20_122)
                  802c33a6    00000002     --HOLE-- [fill = 0]
                  802c33a8    0000011e     tahomabold_20.obj (.const:_tahomabold_20_63)
                  802c34c6    00000002     --HOLE-- [fill = 0]
                  802c34c8    0000011e     tahomabold_20.obj (.const:_tahomabold_20_76)
                  802c35e6    00000002     --HOLE-- [fill = 0]
                  802c35e8    0000011e     tahomabold_20.obj (.const:_tahomabold_20_96)
                  802c3706    00000002     --HOLE-- [fill = 0]
                  802c3708    0000011e     tahomabold_20.obj (.const:_tahomabold_20_99)
                  802c3826    00000002     --HOLE-- [fill = 0]
                  802c3828    00000104     tahomabold_20.obj (.const:_tahomabold_20_115)
                  802c392c    00000004     app_p64P.o64P (.const:ti_sysbios_heaps_HeapMem_E_memory__C)
                  802c3930    00000104     tahomabold_20.obj (.const:_tahomabold_20_34)
                  802c3a34    00000004     app_p64P.o64P (.const:ti_sysbios_heaps_HeapMem_Module__diagsEnabled__C)
                  802c3a38    00000104     tahomabold_20.obj (.const:_tahomabold_20_73)
                  802c3b3c    00000004     app_p64P.o64P (.const:ti_sysbios_heaps_HeapMem_Module__diagsIncluded__C)
                  802c3b40    00000104     tahomabold_20.obj (.const:_tahomabold_20_74)
                  802c3c44    00000004     app_p64P.o64P (.const:ti_sysbios_heaps_HeapMem_Module__diagsMask__C)
                  802c3c48    00000101     rts64plus.lib : ctype.obj (.const:__ctypes_)
                  802c3d49    00000003     --HOLE-- [fill = 0]
                  802c3d4c    00000004     app_p64P.o64P (.const:ti_sysbios_heaps_HeapMem_Module__gateObj__C)
                  802c3d50    000000ea     tahomabold_20.obj (.const:_tahomabold_20_106)
                  802c3e3a    00000002     --HOLE-- [fill = 0]
                  802c3e3c    00000004     app_p64P.o64P (.const:ti_sysbios_heaps_HeapMem_Object__count__C)
                  802c3e40    000000ea     tahomabold_20.obj (.const:_tahomabold_20_114)
                  802c3f2a    00000002     --HOLE-- [fill = 0]
                  802c3f2c    00000004     app_p64P.o64P (.const:ti_sysbios_heaps_HeapMem_reqAlignMask__C)
                  802c3f30    000000ea     tahomabold_20.obj (.const:_tahomabold_20_40)
                  802c401a    00000002     --HOLE-- [fill = 0]
                  802c401c    00000004     app_p64P.o64P (.const:ti_sysbios_heaps_HeapMem_reqAlign__C)
                  802c4020    000000ea     tahomabold_20.obj (.const:_tahomabold_20_41)
                  802c410a    00000002     --HOLE-- [fill = 0]
                  802c410c    00000004     app_p64P.o64P (.const:ti_sysbios_knl_Clock_A_badThreadType__C)
                  802c4110    000000ea     tahomabold_20.obj (.const:_tahomabold_20_45)
                  802c41fa    00000002     --HOLE-- [fill = 0]
                  802c41fc    00000004     app_p64P.o64P (.const:ti_sysbios_knl_Clock_LM_begin__C)
                  802c4200    000000ea     tahomabold_20.obj (.const:_tahomabold_20_91)
                  802c42ea    00000002     --HOLE-- [fill = 0]
                  802c42ec    00000004     app_p64P.o64P (.const:ti_sysbios_knl_Clock_LM_tick__C)
                  802c42f0    000000ea     tahomabold_20.obj (.const:_tahomabold_20_93)
                  802c43da    00000002     --HOLE-- [fill = 0]
                  802c43dc    00000004     app_p64P.o64P (.const:ti_sysbios_knl_Clock_LW_delayed__C)
                  802c43e0    000000d0     tahomabold_20.obj (.const:_tahomabold_20_102)
                  802c44b0    000000d0     tahomabold_20.obj (.const:_tahomabold_20_116)
                  802c4580    000000c4     app_p64P.o64P (.const:xdc_runtime_Text_nodeTab__A)
                  802c4644    00000004     app_p64P.o64P (.const:ti_sysbios_knl_Clock_Module_State_clockQ__O)
                  802c4648    000000b6     tahomabold_20.obj (.const:_tahomabold_20_33)
                  802c46fe    00000002     --HOLE-- [fill = 0]
                  802c4700    000000b6     tahomabold_20.obj (.const:_tahomabold_20_58)
                  802c47b6    00000002     --HOLE-- [fill = 0]
                  802c47b8    000000b6     tahomabold_20.obj (.const:_tahomabold_20_59)
                  802c486e    00000002     --HOLE-- [fill = 0]
                  802c4870    000000b0     video_loopback_test.obj (.const:.string)
                  802c4920    0000009c     tahomabold_20.obj (.const:_tahomabold_20_105)
                  802c49bc    00000004     app_p64P.o64P (.const:ti_sysbios_knl_Clock_Module__diagsEnabled__C)
                  802c49c0    0000009c     tahomabold_20.obj (.const:_tahomabold_20_108)
                  802c4a5c    00000004     app_p64P.o64P (.const:ti_sysbios_knl_Clock_Module__diagsIncluded__C)
                  802c4a60    0000009c     tahomabold_20.obj (.const:_tahomabold_20_39)
                  802c4afc    00000004     app_p64P.o64P (.const:ti_sysbios_knl_Clock_Module__diagsMask__C)
                  802c4b00    0000009c     tahomabold_20.obj (.const:_tahomabold_20_44)
                  802c4b9c    00000004     app_p64P.o64P (.const:ti_sysbios_knl_Clock_Module__loggerFxn1__C)
                  802c4ba0    0000009c     tahomabold_20.obj (.const:_tahomabold_20_46)
                  802c4c3c    00000098     main.obj (.const:.string)
                  802c4cd4    00000004     app_p64P.o64P (.const:ti_sysbios_knl_Clock_Module__loggerFxn2__C)
                  802c4cd8    0000006c     text_functions.obj (.const:_$P$T0$1)
                  802c4d44    00000058     ti.targets.rts6000.a64P : Error.o64P (.const:.string)
                  802c4d9c    00000048     app_p64P.o64P (.const:.string)
                  802c4de4    00000048     ti.targets.rts6000.a64P : Log.o64P (.const:.string)
                  802c4e2c    00000040                             : Text.o64P (.const:.string)
                  802c4e6c    0000003c     app_p64P.o64P (.const:xdc_runtime_LoggerBuf_Module__FXNS__C)
                  802c4ea8    00000034     app_p64P.o64P (.const:xdc_runtime_Startup_sfxnTab__A)
                  802c4edc    0000002c     ti.targets.rts6000.a64P : Startup.o64P (.const:.string)
                  802c4f08    00000028     app_p64P.o64P (.const:ti_sysbios_heaps_HeapMem_Module__FXNS__C)
                  802c4f30    00000028     app_p64P.o64P (.const:xdc_runtime_LoggerBuf_Object__PARAMS__C)
                  802c4f58    00000024     app_p64P.o64P (.const:ti_sysbios_gates_GateHwi_Module__FXNS__C)
                  802c4f7c    00000024     app_p64P.o64P (.const:ti_sysbios_gates_GateMutex_Module__FXNS__C)
                  802c4fa0    00000024     app_p64P.o64P (.const:ti_sysbios_knl_Clock_Object__PARAMS__C)
                  802c4fc4    00000024     app_p64P.o64P (.const:ti_sysbios_knl_Semaphore_Object__PARAMS__C)
                  802c4fe8    00000023     rts64plus.lib : _printfi.obj (.const:.string)
                  802c500b    00000001     --HOLE-- [fill = 0]
                  802c500c    00000020     ti.targets.rts6000.a64P : Core-mem.o64P (.const:.string)
                  802c502c    00000020     app_p64P.o64P (.const:ti_sysbios_gates_GateHwi_Object__DESC__C)
                  802c504c    00000020     app_p64P.o64P (.const:ti_sysbios_gates_GateMutex_Object__DESC__C)
                  802c506c    00000020     app_p64P.o64P (.const:ti_sysbios_heaps_HeapMem_Object__DESC__C)
                  802c508c    00000020     app_p64P.o64P (.const:ti_sysbios_heaps_HeapMem_Object__PARAMS__C)
                  802c50ac    00000020     app_p64P.o64P (.const:ti_sysbios_knl_Clock_Object__DESC__C)
                  802c50cc    00000020     app_p64P.o64P (.const:ti_sysbios_knl_Queue_Object__DESC__C)
                  802c50ec    00000020     app_p64P.o64P (.const:ti_sysbios_knl_Semaphore_Object__DESC__C)
                  802c510c    00000020     app_p64P.o64P (.const:xdc_runtime_LoggerBuf_Object__DESC__C)
                  802c512c    00000004     app_p64P.o64P (.const:ti_sysbios_knl_Clock_Module__loggerObj__C)
                  802c5130    0000001a     app_p64P.o64P (.const:xdc_runtime_Startup_sfxnRts__A)
                  802c514a    00000002     --HOLE-- [fill = 0]
                  802c514c    00000018     app_p64P.o64P (.const:ti_sysbios_gates_GateHwi_Object__PARAMS__C)
                  802c5164    00000018     app_p64P.o64P (.const:ti_sysbios_gates_GateMutex_Object__PARAMS__C)
                  802c517c    00000018     app_p64P.o64P (.const:ti_sysbios_knl_Queue_Object__PARAMS__C)
                  802c5194    00000004     app_p64P.o64P (.const:ti_sysbios_knl_Semaphore_A_badContext__C)
                  802c5198    00000018     app_p64P.o64P (.const:ti_sysbios_knl_Task_hooks__A)
                  802c51b0    00000011     ti.targets.rts6000.a64P : System.o64P (.const:_digtohex)
                  802c51c1    00000003     --HOLE-- [fill = 0]
                  802c51c4    0000000c     app_p64P.o64P (.const:ti_sysbios_family_c64p_Cache_initSize__C)
                  802c51d0    00000008     rts64plus.lib : divd.obj (.const:_initial_approx$1)
                  802c51d8    00000008     app_p64P.o64P (.const:ti_sysbios_knl_Idle_funcList__A)
                  802c51e0    00000008     app_p64P.o64P (.const:ti_sysbios_knl_Idle_funcList__C)
                  802c51e8    00000008     app_p64P.o64P (.const:ti_sysbios_knl_Task_hooks__C)
                  802c51f0    00000008     app_p64P.o64P (.const:xdc_runtime_Startup_firstFxns__A)
                  802c51f8    00000008     app_p64P.o64P (.const:xdc_runtime_Startup_firstFxns__C)
                  802c5200    00000008     app_p64P.o64P (.const:xdc_runtime_Startup_lastFxns__C)
                  802c5208    00000004     app_p64P.o64P (.const:ti_sysbios_knl_Semaphore_A_noEvents__C)
                  802c520c    00000004     app_p64P.o64P (.const:ti_sysbios_knl_Semaphore_Instance_State_pendQ__O)
                  802c5210    00000004     app_p64P.o64P (.const:ti_sysbios_knl_Semaphore_LM_pend__C)
                  802c5214    00000004     app_p64P.o64P (.const:ti_sysbios_knl_Semaphore_LM_post__C)
                  802c5218    00000004     app_p64P.o64P (.const:ti_sysbios_knl_Semaphore_Module__diagsEnabled__C)
                  802c521c    00000004     app_p64P.o64P (.const:ti_sysbios_knl_Semaphore_Module__diagsIncluded__C)
                  802c5220    00000004     app_p64P.o64P (.const:ti_sysbios_knl_Semaphore_Module__diagsMask__C)
                  802c5224    00000004     app_p64P.o64P (.const:ti_sysbios_knl_Semaphore_Module__loggerFxn2__C)
                  802c5228    00000004     app_p64P.o64P (.const:ti_sysbios_knl_Semaphore_Module__loggerFxn4__C)
                  802c522c    00000004     app_p64P.o64P (.const:ti_sysbios_knl_Semaphore_Module__loggerObj__C)
                  802c5230    00000004     app_p64P.o64P (.const:ti_sysbios_knl_Swi_LD_end__C)
                  802c5234    00000004     app_p64P.o64P (.const:ti_sysbios_knl_Swi_LM_begin__C)
                  802c5238    00000004     app_p64P.o64P (.const:ti_sysbios_knl_Swi_LM_post__C)
                  802c523c    00000004     app_p64P.o64P (.const:ti_sysbios_knl_Swi_Module__diagsEnabled__C)
                  802c5240    00000004     app_p64P.o64P (.const:ti_sysbios_knl_Swi_Module__diagsIncluded__C)
                  802c5244    00000004     app_p64P.o64P (.const:ti_sysbios_knl_Swi_Module__diagsMask__C)
                  802c5248    00000004     app_p64P.o64P (.const:ti_sysbios_knl_Swi_Module__loggerFxn1__C)
                  802c524c    00000004     app_p64P.o64P (.const:ti_sysbios_knl_Swi_Module__loggerFxn4__C)
                  802c5250    00000004     app_p64P.o64P (.const:ti_sysbios_knl_Swi_Module__loggerObj__C)
                  802c5254    00000004     app_p64P.o64P (.const:ti_sysbios_knl_Swi_Object__count__C)
                  802c5258    00000004     app_p64P.o64P (.const:ti_sysbios_knl_Task_E_spOutOfBounds__C)
                  802c525c    00000004     app_p64P.o64P (.const:ti_sysbios_knl_Task_E_stackOverflow__C)
                  802c5260    00000004     app_p64P.o64P (.const:ti_sysbios_knl_Task_LD_block__C)
                  802c5264    00000004     app_p64P.o64P (.const:ti_sysbios_knl_Task_LD_exit__C)
                  802c5268    00000004     app_p64P.o64P (.const:ti_sysbios_knl_Task_LD_ready__C)
                  802c526c    00000004     app_p64P.o64P (.const:ti_sysbios_knl_Task_LM_switch__C)
                  802c5270    00000004     app_p64P.o64P (.const:ti_sysbios_knl_Task_Module_State_inactiveQ__O)
                  802c5274    00000004     app_p64P.o64P (.const:ti_sysbios_knl_Task_Module__diagsEnabled__C)
                  802c5278    00000004     app_p64P.o64P (.const:ti_sysbios_knl_Task_Module__diagsIncluded__C)
                  802c527c    00000004     app_p64P.o64P (.const:ti_sysbios_knl_Task_Module__diagsMask__C)
                  802c5280    00000004     app_p64P.o64P (.const:ti_sysbios_knl_Task_Module__loggerFxn2__C)
                  802c5284    00000004     app_p64P.o64P (.const:ti_sysbios_knl_Task_Module__loggerFxn4__C)
                  802c5288    00000004     app_p64P.o64P (.const:ti_sysbios_knl_Task_Module__loggerObj__C)
                  802c528c    00000004     app_p64P.o64P (.const:ti_sysbios_knl_Task_Object__count__C)
                  802c5290    00000004     app_p64P.o64P (.const:ti_sysbios_knl_Task_allBlockedFunc__C)
                  802c5294    00000004     app_p64P.o64P (.const:ti_sysbios_knl_Task_numConstructedTasks__C)
                  802c5298    00000004     app_p64P.o64P (.const:ti_sysbios_timers_timer64_Timer_A_notAvailable__C)
                  802c529c    00000004     app_p64P.o64P (.const:ti_sysbios_timers_timer64_Timer_E_cannotSupport__C)
                  802c52a0    00000004     app_p64P.o64P (.const:ti_sysbios_timers_timer64_Timer_Module__diagsEnabled__C)
                  802c52a4    00000004     app_p64P.o64P (.const:ti_sysbios_timers_timer64_Timer_Module__diagsIncluded__C)
                  802c52a8    00000004     app_p64P.o64P (.const:ti_sysbios_timers_timer64_Timer_Module__diagsMask__C)
                  802c52ac    00000004     app_p64P.o64P (.const:ti_sysbios_timers_timer64_Timer_anyMask__C)
                  802c52b0    00000004     app_p64P.o64P (.const:ti_sysbios_timers_timer64_Timer_freqDivisor__C)
                  802c52b4    00000004     app_p64P.o64P (.const:ti_sysbios_timers_timer64_Timer_numLocalTimers__C)
                  802c52b8    00000004     app_p64P.o64P (.const:ti_sysbios_timers_timer64_Timer_numTimerDevices__C)
                  802c52bc    00000004     app_p64P.o64P (.const:xdc_runtime_Assert_E_assertFailed__C)
                  802c52c0    00000004     app_p64P.o64P (.const:xdc_runtime_Core_A_initializedParams__C)
                  802c52c4    00000004     app_p64P.o64P (.const:xdc_runtime_Core_Module__diagsEnabled__C)
                  802c52c8    00000004     app_p64P.o64P (.const:xdc_runtime_Core_Module__diagsIncluded__C)
                  802c52cc    00000004     app_p64P.o64P (.const:xdc_runtime_Core_Module__diagsMask__C)
                  802c52d0    00000004     app_p64P.o64P (.const:xdc_runtime_Error_E_generic__C)
                  802c52d4    00000004     app_p64P.o64P (.const:xdc_runtime_Error_E_memory__C)
                  802c52d8    00000004     app_p64P.o64P (.const:xdc_runtime_Error_Module__diagsEnabled__C)
                  802c52dc    00000004     app_p64P.o64P (.const:xdc_runtime_Error_Module__diagsIncluded__C)
                  802c52e0    00000004     app_p64P.o64P (.const:xdc_runtime_Error_Module__diagsMask__C)
                  802c52e4    00000004     app_p64P.o64P (.const:xdc_runtime_Error_Module__loggerFxn8__C)
                  802c52e8    00000004     app_p64P.o64P (.const:xdc_runtime_Error_Module__loggerObj__C)
                  802c52ec    00000004     app_p64P.o64P (.const:xdc_runtime_Error_policy__C)
                  802c52f0    00000004     app_p64P.o64P (.const:xdc_runtime_Error_raiseHook__C)
                  802c52f4    00000004     app_p64P.o64P (.const:xdc_runtime_IFilterLogger_Interface__BASE__C)
                  802c52f8    00000004     app_p64P.o64P (.const:xdc_runtime_IGateProvider_Interface__BASE__C)
                  802c52fc    00000004     app_p64P.o64P (.const:xdc_runtime_IHeap_Interface__BASE__C)
                  802c5300    00000004     app_p64P.o64P (.const:xdc_runtime_ILogger_Interface__BASE__C)
                  802c5304    00000004     app_p64P.o64P (.const:xdc_runtime_IModule_Interface__BASE__C)
                  802c5308    00000004     app_p64P.o64P (.const:xdc_runtime_Log_L_error__C)
                  802c530c    00000004     app_p64P.o64P (.const:xdc_runtime_LoggerBuf_E_badLevel__C)
                  802c5310    00000004     app_p64P.o64P (.const:xdc_runtime_LoggerBuf_Module__gateObj__C)
                  802c5314    00000004     app_p64P.o64P (.const:xdc_runtime_LoggerBuf_Object__count__C)
                  802c5318    00000004     app_p64P.o64P (.const:xdc_runtime_LoggerBuf_statusLogger__C)
                  802c531c    00000004     app_p64P.o64P (.const:xdc_runtime_Memory_defaultHeapInstance__C)
                  802c5320    00000004     app_p64P.o64P (.const:xdc_runtime_Startup_execImpl__C)
                  802c5324    00000004     app_p64P.o64P (.const:xdc_runtime_Startup_maxPasses__C)
                  802c5328    00000004     app_p64P.o64P (.const:xdc_runtime_Startup_sfxnRts__C)
                  802c532c    00000004     app_p64P.o64P (.const:xdc_runtime_Startup_sfxnTab__C)
                  802c5330    00000004     app_p64P.o64P (.const:xdc_runtime_SysMin_bufSize__C)
                  802c5334    00000004     app_p64P.o64P (.const:xdc_runtime_SysMin_outputFunc__C)
                  802c5338    00000004     app_p64P.o64P (.const:xdc_runtime_System_Module__gateObj__C)
                  802c533c    00000004     app_p64P.o64P (.const:xdc_runtime_System_extendFxn__C)
                  802c5340    00000004     app_p64P.o64P (.const:xdc_runtime_System_maxAtexitHandlers__C)
                  802c5344    00000004     app_p64P.o64P (.const:xdc_runtime_Text_charTab__C)
                  802c5348    00000004     app_p64P.o64P (.const:xdc_runtime_Text_nameEmpty__C)
                  802c534c    00000004     app_p64P.o64P (.const:xdc_runtime_Text_nameStatic__C)
                  802c5350    00000004     app_p64P.o64P (.const:xdc_runtime_Text_nameUnknown__C)
                  802c5354    00000004     app_p64P.o64P (.const:xdc_runtime_Text_nodeTab__C)
                  802c5358    00000004     app_p64P.o64P (.const:xdc_runtime_Text_visitRopeFxn__C)
                  802c535c    00000002     app_p64P.o64P (.const:ti_sysbios_BIOS_Module__id__C)
                  802c535e    00000002     --HOLE-- [fill = 0]
                  802c5360    00000002     app_p64P.o64P (.const:ti_sysbios_family_c64p_Exception_Module__id__C)
                  802c5362    00000002     --HOLE-- [fill = 0]
                  802c5364    00000002     app_p64P.o64P (.const:ti_sysbios_family_c64p_Hwi_Module__id__C)
                  802c5366    00000002     --HOLE-- [fill = 0]
                  802c5368    00000002     app_p64P.o64P (.const:ti_sysbios_family_c64p_Hwi_Module__loggerDefined__C)
                  802c536a    00000002     --HOLE-- [fill = 0]
                  802c536c    00000002     app_p64P.o64P (.const:ti_sysbios_gates_GateMutex_Module__id__C)
                  802c536e    00000002     --HOLE-- [fill = 0]
                  802c5370    00000002     app_p64P.o64P (.const:ti_sysbios_hal_Hwi_Module__id__C)
                  802c5372    00000002     --HOLE-- [fill = 0]
                  802c5374    00000002     app_p64P.o64P (.const:ti_sysbios_heaps_HeapMem_Module__id__C)
                  802c5376    00000002     --HOLE-- [fill = 0]
                  802c5378    00000002     app_p64P.o64P (.const:ti_sysbios_knl_Clock_Module__id__C)
                  802c537a    00000002     --HOLE-- [fill = 0]
                  802c537c    00000002     app_p64P.o64P (.const:ti_sysbios_knl_Clock_Module__loggerDefined__C)
                  802c537e    00000002     --HOLE-- [fill = 0]
                  802c5380    00000002     app_p64P.o64P (.const:ti_sysbios_knl_Semaphore_Module__id__C)
                  802c5382    00000002     --HOLE-- [fill = 0]
                  802c5384    00000002     app_p64P.o64P (.const:ti_sysbios_knl_Semaphore_Module__loggerDefined__C)
                  802c5386    00000002     --HOLE-- [fill = 0]
                  802c5388    00000002     app_p64P.o64P (.const:ti_sysbios_knl_Swi_Module__id__C)
                  802c538a    00000002     --HOLE-- [fill = 0]
                  802c538c    00000002     app_p64P.o64P (.const:ti_sysbios_knl_Swi_Module__loggerDefined__C)
                  802c538e    00000002     --HOLE-- [fill = 0]
                  802c5390    00000002     app_p64P.o64P (.const:ti_sysbios_knl_Task_Module__id__C)
                  802c5392    00000002     --HOLE-- [fill = 0]
                  802c5394    00000002     app_p64P.o64P (.const:ti_sysbios_knl_Task_Module__loggerDefined__C)
                  802c5396    00000002     --HOLE-- [fill = 0]
                  802c5398    00000002     app_p64P.o64P (.const:ti_sysbios_knl_Task_initStackFlag__C)
                  802c539a    00000002     --HOLE-- [fill = 0]
                  802c539c    00000002     app_p64P.o64P (.const:ti_sysbios_timers_timer64_Timer_Module__id__C)
                  802c539e    00000002     --HOLE-- [fill = 0]
                  802c53a0    00000002     app_p64P.o64P (.const:ti_sysbios_timers_timer64_Timer_startupNeeded__C)
                  802c53a2    00000002     --HOLE-- [fill = 0]
                  802c53a4    00000002     app_p64P.o64P (.const:xdc_runtime_Core_Module__id__C)
                  802c53a6    00000002     --HOLE-- [fill = 0]
                  802c53a8    00000002     app_p64P.o64P (.const:xdc_runtime_Error_Module__loggerDefined__C)
                  802c53aa    00000002     --HOLE-- [fill = 0]
                  802c53ac    00000002     app_p64P.o64P (.const:xdc_runtime_Error_maxDepth__C)
                  802c53ae    00000002     --HOLE-- [fill = 0]
                  802c53b0    00000002     app_p64P.o64P (.const:xdc_runtime_LoggerBuf_Module__id__C)
                  802c53b2    00000002     --HOLE-- [fill = 0]
                  802c53b4    00000002     app_p64P.o64P (.const:xdc_runtime_LoggerBuf_filterByLevel__C)
                  802c53b6    00000002     --HOLE-- [fill = 0]
                  802c53b8    00000002     app_p64P.o64P (.const:xdc_runtime_Memory_Module__id__C)
                  802c53ba    00000002     --HOLE-- [fill = 0]
                  802c53bc    00000002     app_p64P.o64P (.const:xdc_runtime_SysMin_flushAtExit__C)
                  802c53be    00000002     --HOLE-- [fill = 0]
                  802c53c0    00000002     app_p64P.o64P (.const:xdc_runtime_Text_charCnt__C)
                  802c53c2    00000002     --HOLE-- [fill = 0]
                  802c53c4    00000002     app_p64P.o64P (.const:xdc_runtime_Text_isLoaded__C)
                  802c53c6    00000002     --HOLE-- [fill = 0]
                  802c53c8    00000002     app_p64P.o64P (.const:xdc_runtime_Text_registryModsLastId__C)
                  802c53ca    00000002     --HOLE-- [fill = 0]
                  802c53cc    00000002     app_p64P.o64P (.const:xdc_runtime_Text_unnamedModsLastId__C)

.stack     0    802c53d0    00002000     UNINITIALIZED
                  802c53d0    00000008     boot.a64P : boot.o64P (.stack)
                  802c53d8    00001ff8     --HOLE--

.cinit     0    802c73d0    0000200c     
                  802c73d0    00001788     tahomabold_20.obj (.cinit)
                  802c8b58    00000674     app_p64P.o64P (.cinit)
                  802c91cc    00000004     --HOLE-- [fill = 0]
                  802c91d0    0000005c     rts64plus.lib : defs.obj (.cinit)
                  802c922c    00000004     --HOLE-- [fill = 0]
                  802c9230    0000005c                   : lowlev.obj (.cinit)
                  802c928c    00000004     --HOLE-- [fill = 0]
                  802c9290    00000058     evmdm6437bsl.lib : evmdm6437_gpio.obj (.cinit)
                  802c92e8    0000003c                      : evmdm6437_flash_id.obj (.cinit)
                  802c9324    00000004     --HOLE-- [fill = 0]
                  802c9328    0000002c     rts64plus.lib : exit.obj (.cinit)
                  802c9354    00000004     --HOLE-- [fill = 0]
                  802c9358    0000001c                   : _lock.obj (.cinit)
                  802c9374    00000004     --HOLE-- [fill = 0]
                  802c9378    0000001c                   : atexit.obj (.cinit)
                  802c9394    00000004     --HOLE-- [fill = 0]
                  802c9398    0000000c     evmdm6437bsl.lib : evmdm6437_i2c.obj (.cinit)
                  802c93a4    00000004     --HOLE-- [fill = 0]
                  802c93a8    0000000c                      : evmdm6437_psc.obj (.cinit)
                  802c93b4    00000004     --HOLE-- [fill = 0]
                  802c93b8    0000000c     rts64plus.lib : fopen.obj (.cinit)
                  802c93c4    00000004     --HOLE-- [fill = 0]
                  802c93c8    0000000c                   : sinit.obj (.cinit)
                  802c93d4    00000004     --HOLE-- [fill = 0]
                  802c93d8    00000004     (.pad.cinit) [fill = 0]

.switch    0    802c93dc    00000020     
                  802c93dc    00000020     evmdm6437bsl.lib : evmdm6437.obj (.switch)

.vecs      0    802c9400    00000200     
                  802c9400    00000200     app_p64P.o64P (.vecs)

.cio       0    802c9600    00000120     UNINITIALIZED
                  802c9600    00000120     rts64plus.lib : trgmsg.obj (.cio)

.bss       0    802c9720    0000001b     UNINITIALIZED
                  802c9720    00000010     evmdm6437bsl.lib : evmdm6437_flash_id.obj (.bss)
                  802c9730    00000004                      : evmdm6437_i2c.obj (.bss)
                  802c9734    00000004                      : evmdm6437_psc.obj (.bss)
                  802c9738    00000003     tvp5146.obj (.bss)


GLOBAL SYMBOLS: SORTED ALPHABETICALLY BY Name 

address    name
--------   ----
802c9720   $bss
802c9720   .bss
ffffffff   .data
ffffffff   .text
802bb000   C$$EXIT
802b9fd8   C$$IO$$
802b1aa0   _Copy
802b4980   _EVMDM6437_DDR_init
802b982c   _EVMDM6437_DIP_get
802b9820   _EVMDM6437_DIP_init
802ae7d8   _EVMDM6437_FLASH_getTotalPages
802b53a0   _EVMDM6437_FLASH_init
802b34e4   _EVMDM6437_GPIO_getInput
802b33a0   _EVMDM6437_GPIO_init
802b33b4   _EVMDM6437_GPIO_setDir
802b3454   _EVMDM6437_GPIO_setOutput
802b2e20   _EVMDM6437_I2C_GPIO_checkIntr
802b2d94   _EVMDM6437_I2C_GPIO_getInput
802b2c98   _EVMDM6437_I2C_GPIO_getall
802b2c80   _EVMDM6437_I2C_GPIO_init
802b2ce4   _EVMDM6437_I2C_GPIO_setOutput
802b2cc0   _EVMDM6437_I2C_GPIO_setall
802b2de8   _EVMDM6437_I2C_GPIO_setupIntr
802b2e30   _EVMDM6437_I2C_GPIO_waitForIntr
802b0b60   _EVMDM6437_I2C_close
802b0b20   _EVMDM6437_I2C_init
802b0c80   _EVMDM6437_I2C_read
802b0b74   _EVMDM6437_I2C_reset
802b0b88   _EVMDM6437_I2C_write
802b26c0   _EVMDM6437_LED_init
802b2760   _EVMDM6437_LED_off
802b26d0   _EVMDM6437_LED_on
802b27ec   _EVMDM6437_LED_toggle
802b12b0   _EVMDM6437_PSC_changeState
802b1200   _EVMDM6437_PSC_enableAll
802ac360   _EVMDM6437_enablePll1
802ac564   _EVMDM6437_enablePll2
802ad400   _EVMDM6437_init
802ad3a0   _EVMDM6437_startupGEL
802b7ee0   _HOSTclose
802b5ba0   _HOSTlseek
802b67a0   _HOSTopen
802b7220   _HOSTread
802b3d80   _HOSTrename
802b72e0   _HOSTunlink
802b73a0   _HOSTwrite
802a5768   _TSK_idle
802c9600   __CIOBUF_
802ae6c0   __FLASH_getId
802ae7c4   __FLASH_getMfg
802ae918   __FLASH_getPageLength
802ae924   __FLASH_nextPage
802b53ec   __FLASH_waitWhileErasing
802b5458   __FLASH_waitWhileProgramming
802c73d0   __STACK_END
00002000   __STACK_SIZE
00000001   __TI_args_main
80000000   ___ASM__
80000070   ___ISA__
80000088   ___PLAT__
800000b0   ___TARG__
802a7e2c   ___TI_enable_exit_profile_output
ffffffff   ___TI_pprof_out_hndl
ffffffff   ___TI_prof_data_size
ffffffff   ___TI_prof_data_start
800000d0   ___TRDR__
802ba340   ___add_dtor
802a7ad0   ___atexit_func_id__
ffffffff   ___binit__
802c9720   ___bss__
ffffffff   ___c_args__
802c73d0   ___cinit__
ffffffff   ___data__
ffffffff   ___edata__
802c973b   ___end__
ffffffff   ___etext__
802ba380   ___isinf
ffffffff   ___pinit__
ffffffff   ___text__
802baf00   ___xdc__init
[...]
802b9f20   _ti_sysbios_knl_Task_enter__I
802b9f80   _writemsg
802b9fd8   C$$IO$$
802b9fe0   _xdc_runtime_LoggerBuf_Handle__label__S
802ba040   _xdc_runtime_LoggerBuf_Object__delete__S
802ba0a0   _xdc_runtime_Memory_calloc__F
802ba100   _xdc_runtime_SysMin_Module_startup__F
802ba160   _xdc_runtime_SysMin_exit__F
802ba1c0   _xdc_runtime_System_aprintf_va__F
802ba1c0   _xdc_runtime_System_avprintf__F
802ba220   _xdc_runtime_System_printf_va__F
802ba220   _xdc_runtime_System_vprintf__F
802ba280   _xdc_runtime_Text_cordText__F
802ba2e0   _ti_sysbios_hal_Hwi_checkStack
802ba340   ___add_dtor
802ba380   ___isinf
802ba440   __args_main
802ba480   __fltud
802ba4c0   __llshru
802ba500   __negd
802ba580   __remli
802ba5c0   __c6xabi_strasgi_64plus
802ba5c0   __strasgi_64plus
802ba600   __subd
802ba640   _free
802ba680   _llabs
802ba700   _ti_sysbios_BIOS_startFunc__I
802ba740   _ti_sysbios_family_c62_TaskSupport_buildTaskStack
802ba780   _ti_sysbios_family_c64p_Hwi_Module__startupDone__F
802ba780   _ti_sysbios_family_c64p_Hwi_Module__startupDone__S
802ba780   _ti_sysbios_hal_Hwi_HwiProxy_Module__startupDone__S
802ba7c0   _ti_sysbios_family_c64p_Hwi_disableInterrupt__E
802ba800   _ti_sysbios_family_c64p_Hwi_enableInterrupt__E
802ba840   _ti_sysbios_family_xxx_Hwi_switchToIsrStack
802ba880   _ti_sysbios_gates_GateHwi_Object__delete__S
802ba880   _xdc_runtime_LoggerBuf_Module_GateProxy_Object__delete__S
802ba880   _xdc_runtime_Main_Module_GateProxy_Object__delete__S
802ba880   _xdc_runtime_System_Module_GateProxy_Object__delete__S
802ba8c0   _ti_sysbios_gates_GateMutex_leave__E
802ba900   _ti_sysbios_hal_Timer_Module__startupDone__F
802ba900   _ti_sysbios_hal_Timer_Module__startupDone__S
802ba940   _ti_sysbios_heaps_HeapMem_Object__delete__S
802ba940   _xdc_runtime_Memory_HeapProxy_Object__delete__S
802ba980   _ti_sysbios_heaps_HeapMem_Object__get__S
802ba9c0   _ti_sysbios_knl_Clock_Object__destruct__S
802baa00   _ti_sysbios_knl_Clock_Params__init__S
802baa40   _ti_sysbios_knl_Queue_Object__destruct__S
802baa80   _ti_sysbios_knl_Semaphore_Object__destruct__S
802baac0   _ti_sysbios_knl_Swi_Object__get__S
802bab00   _ti_sysbios_knl_Task_Object__get__S
802bab40   _ti_sysbios_hal_Timer_TimerProxy_Module__startupDone__S
802bab40   _ti_sysbios_timers_timer64_Timer_Module__startupDone__F
802bab40   _ti_sysbios_timers_timer64_Timer_Module__startupDone__S
802bab80   _xdc_runtime_Error_check__F
802babc0   _xdc_runtime_Error_init__F
802bac00   _xdc_runtime_LoggerBuf_Instance_finalize__F
802bac40   _xdc_runtime_LoggerBuf_Object__get__S
802bac80   _xdc_runtime_LoggerBuf_write0__F
802bacc0   _xdc_runtime_LoggerBuf_write8__E
802bad00   _xdc_runtime_Memory_HeapProxy_alloc__E
802bad40   _xdc_runtime_Memory_HeapProxy_free__E
802bad80   _xdc_runtime_Memory_free__F
802badc0   _xdc_runtime_Registry_findById__F
802bae00   _xdc_runtime_System_abort__F
802bae40   _xdc_runtime_System_aprintf__E
802bae80   _xdc_runtime_System_printf__E
802baec0   _xdc_runtime_Text_ropeText__F
802baf00   ___xdc__init
802baf20   __negll
802baf40   __nop
802bafc0   __register_lock
802bafe0   __register_unlock
802bb000   C$$EXIT
802bb000   _abort
802bb040   _remove
802bb060   _ti_sysbios_BIOS_RtsGateProxy_enter__E
802bb080   _ti_sysbios_BIOS_RtsGateProxy_leave__E
802bb0a0   _ti_sysbios_BIOS_setThreadType__E
802bb0c0   _ti_sysbios_BIOS_start__E
802bb0e0   _ti_sysbios_family_c62_TaskSupport_Module__startupDone__S
802bb0e0   _ti_sysbios_knl_Task_SupportProxy_Module__startupDone__S
802bb100   _ti_sysbios_family_c62_TaskSupport_checkStack__E
802bb120   _ti_sysbios_family_c62_TaskSupport_glue
802bb140   _ti_sysbios_family_c64p_Cache_Module_startup__E
802bb160   _ti_sysbios_family_c64p_Exception_Module_startup__E
802bb180   _ti_sysbios_family_c64p_Hwi_Module_startup__E
802bb1a0   _ti_sysbios_family_c64p_Hwi_clearInterrupt__E
802bb1c0   _ti_sysbios_family_c64p_Hwi_startup__E
802bb1e0   _ti_sysbios_family_c64p_Hwi_switchFromBootStack__E
802bb200   _ti_sysbios_family_c64p_TimestampProvider_Module_startup__E
802bb220   _ti_sysbios_family_c64p_TimestampProvider_Module_startup__F
802bb240   _ti_sysbios_family_c64p_TimestampProvider_get64__E
802bb260   _ti_sysbios_family_xxx_Hwi_switchToTaskStack
802bb280   _ti_sysbios_gates_GateHwi_Instance_init__F
802bb2a0   _ti_sysbios_gates_GateHwi_enter__E
802bb2c0   _ti_sysbios_gates_GateHwi_leave__E
802bb2e0   _ti_sysbios_gates_GateHwi_query__E
802bb2e0   _xdc_runtime_LoggerBuf_Module_GateProxy_query__E
802bb2e0   _xdc_runtime_Main_Module_GateProxy_query__E
802bb2e0   _xdc_runtime_System_Module_GateProxy_query__E
802bb300   _ti_sysbios_gates_GateHwi_query__F
802bb320   _ti_sysbios_gates_GateMutex_Instance_finalize__F
802bb340   _ti_sysbios_BIOS_RtsGateProxy_query__E
802bb340   _ti_sysbios_gates_GateMutex_query__E
802bb340   _ti_sysbios_heaps_HeapMem_Module_GateProxy_query__E
802bb360   _ti_sysbios_gates_GateMutex_query__F
802bb380   _ti_sysbios_hal_Hwi_HwiProxy_clearInterrupt__E
802bb3a0   _ti_sysbios_hal_Hwi_HwiProxy_disableInterrupt__E
802bb3c0   _ti_sysbios_hal_Hwi_HwiProxy_enableInterrupt__E
802bb3e0   _ti_sysbios_hal_Hwi_HwiProxy_startup__E
802bb400   _ti_sysbios_hal_Hwi_HwiProxy_switchFromBootStack__E
802bb420   _ti_sysbios_hal_Hwi_Module_startup__E
802bb440   _ti_sysbios_hal_Hwi_Module_startup__F
802bb460   _ti_sysbios_hal_Hwi_startup__E
802bb480   _ti_sysbios_hal_Timer_Module_startup__E
802bb4a0   _ti_sysbios_hal_Timer_Module_startup__F
802bb4c0   _ti_sysbios_hal_Timer_TimerProxy_getPeriod__E
802bb4e0   _ti_sysbios_hal_Timer_TimerProxy_startup__E
802bb500   _ti_sysbios_hal_Timer_startup__E
802bb520   _ti_sysbios_heaps_HeapMem_Module_GateProxy_enter__E
802bb540   _ti_sysbios_heaps_HeapMem_Module_GateProxy_leave__E
802bb560   _ti_sysbios_heaps_HeapMem_isBlocking__E
802bb580   _ti_sysbios_knl_Clock_Module_startup__E
802bb5a0   _ti_sysbios_knl_Queue_Instance_init__F
802bb5c0   _ti_sysbios_knl_Queue_Object__get__S
802bb5e0   _ti_sysbios_knl_Queue_empty__E
802bb600   _ti_sysbios_knl_Semaphore_Instance_finalize__F
802bb620   _ti_sysbios_knl_Swi_Module_startup__E
802bb640   _ti_sysbios_knl_Swi_disable__E
802bb660   _ti_sysbios_knl_Task_Module_startup__E
802bb680   _ti_sysbios_knl_Task_SupportProxy_checkStack__E
802bb6a0   _ti_sysbios_knl_Task_SupportProxy_start__E
802bb6c0   _ti_sysbios_knl_Task_SupportProxy_swap__E
802bb6e0   _ti_sysbios_knl_Task_disable__E
802bb700   _ti_sysbios_timers_timer64_Timer_Module_startup__E
802bb720   _ti_sysbios_timers_timer64_Timer_TimerSupportProxy_enable__E
802bb740   _xdc_runtime_Error_print__E
802bb760   _xdc_runtime_Gate_enterSystem__F
802bb780   _xdc_runtime_Gate_leaveSystem__F
802bb7a0   _xdc_runtime_LoggerBuf_Module_GateProxy_enter__E
802bb7c0   _xdc_runtime_LoggerBuf_Module_GateProxy_leave__E
802bb7e0   _xdc_runtime_LoggerBuf_Module_startup__E
802bb800   _xdc_runtime_LoggerBuf_TimestampProxy_get64__E
802bb820   _xdc_runtime_LoggerBuf_disable__E
802bb840   _xdc_runtime_LoggerBuf_disable__F
802bb860   _xdc_runtime_LoggerBuf_enable__E
802bb880   _xdc_runtime_LoggerBuf_enable__F
802bb8a0   _xdc_runtime_LoggerBuf_getFilterLevel__E
802bb8c0   _xdc_runtime_LoggerBuf_setFilterLevel__E
802bb8e0   _xdc_runtime_LoggerBuf_write0__E
802bb900   _xdc_runtime_LoggerBuf_write1__E
802bb920   _xdc_runtime_LoggerBuf_write1__F
802bb940   _xdc_runtime_LoggerBuf_write2__E
802bb960   _xdc_runtime_LoggerBuf_write2__F
802bb980   _xdc_runtime_LoggerBuf_write4__E
802bb9a0   _xdc_runtime_Startup_exec__I
802bb9c0   _xdc_runtime_Startup_reset__I
802bb9e0   _xdc_runtime_SysMin_Module_startup__E
802bba00   _xdc_runtime_SysMin_abort__E
802bba00   _xdc_runtime_System_SupportProxy_abort__E
802bba20   _xdc_runtime_SysMin_exit__E
802bba20   _xdc_runtime_System_SupportProxy_exit__E
802bba40   _xdc_runtime_SysMin_putch__E
802bba40   _xdc_runtime_System_SupportProxy_putch__E
802bba60   _xdc_runtime_SysMin_ready__E
802bba60   _xdc_runtime_System_SupportProxy_ready__E
802bba80   _xdc_runtime_SysMin_ready__F
802bbaa0   _xdc_runtime_System_Module_GateProxy_enter__E
802bbac0   _xdc_runtime_System_Module_GateProxy_leave__E
802bbae0   _xdc_runtime_System_Module_startup__E
802bbb00   _xdc_runtime_System_Module_startup__F
802bbb20   _xdc_runtime_System_exit__F
802bbb40   _xdc_runtime_System_sprintf_va__F
802bbb40   _xdc_runtime_System_vsprintf__F
802bbb60   _xdc_runtime_Text_visitRope__I
802bbb80   _xdc_runtime_Text_charTab__A
802bd8f4   _ti_sysbios_BIOS_Module__diagsEnabled__C
802bdacc   _ti_sysbios_BIOS_Module__diagsIncluded__C
802bdca4   _ti_sysbios_BIOS_Module__diagsMask__C
802bde64   _ti_sysbios_BIOS_installedErrorHook__C
802bf774   _ti_sysbios_family_c64p_Cache_MAR0_31__C
802bf8e4   _ti_sysbios_family_c64p_Cache_MAR128_159__C
802bfa54   _ti_sysbios_family_c64p_Cache_MAR160_191__C
802bfbc4   _ti_sysbios_family_c64p_Cache_MAR192_223__C
802bfd34   _ti_sysbios_family_c64p_Cache_MAR224_255__C
802bfea4   _ti_sysbios_family_c64p_Cache_MAR32_63__C
802bfffc   _ti_sysbios_family_c64p_Cache_MAR64_95__C
802c0154   _ti_sysbios_family_c64p_Cache_MAR96_127__C
802c02ac   _ti_sysbios_family_c64p_Exception_E_exceptionMin__C
802c0404   _ti_sysbios_family_c64p_Exception_exceptionHook__C
802c055c   _ti_sysbios_family_c64p_Exception_externalHook__C
802c06b4   _ti_sysbios_family_c64p_Exception_internalHook__C
802c080c   _ti_sysbios_family_c64p_Exception_nmiHook__C
802c0964   _ti_sysbios_family_c64p_Hwi_LD_end__C
802c0abc   _ti_sysbios_family_c64p_Hwi_LM_begin__C
802c0c14   _ti_sysbios_family_c64p_Hwi_Module__diagsEnabled__C
802c0d6c   _ti_sysbios_family_c64p_Hwi_Module__diagsIncluded__C
802c0ec4   _ti_sysbios_family_c64p_Hwi_Module__diagsMask__C
802c101c   _ti_sysbios_family_c64p_Hwi_Module__loggerFxn1__C
802c1174   _ti_sysbios_family_c64p_Hwi_Module__loggerFxn8__C
802c12cc   _ti_sysbios_family_c64p_Hwi_Module__loggerObj__C
802c1424   _ti_sysbios_gates_GateMutex_A_badContext__C
802c157c   _ti_sysbios_gates_GateMutex_Instance_State_sem__O
802c16d4   _ti_sysbios_gates_GateMutex_Module__diagsEnabled__C
802c182c   _ti_sysbios_gates_GateMutex_Module__diagsIncluded__C
802c1984   _ti_sysbios_gates_GateMutex_Module__diagsMask__C
802c1adc   _ti_sysbios_hal_Hwi_E_stackOverflow__C
802c1c34   _ti_sysbios_heaps_HeapMem_A_align__C
802c1d8c   _ti_sysbios_heaps_HeapMem_A_heapSize__C
802c1ee4   _ti_sysbios_heaps_HeapMem_A_invalidFree__C
802c203c   _ti_sysbios_heaps_HeapMem_A_zeroBlock__C
802c392c   _ti_sysbios_heaps_HeapMem_E_memory__C
802c3a34   _ti_sysbios_heaps_HeapMem_Module__diagsEnabled__C
802c3b3c   _ti_sysbios_heaps_HeapMem_Module__diagsIncluded__C
802c3c44   _ti_sysbios_heaps_HeapMem_Module__diagsMask__C
802c3c48   __ctypes_
802c3d4c   _ti_sysbios_heaps_HeapMem_Module__gateObj__C
802c3e3c   _ti_sysbios_heaps_HeapMem_Object__count__C
802c3f2c   _ti_sysbios_heaps_HeapMem_reqAlignMask__C
802c401c   _ti_sysbios_heaps_HeapMem_reqAlign__C
802c410c   _ti_sysbios_knl_Clock_A_badThreadType__C
802c41fc   _ti_sysbios_knl_Clock_LM_begin__C
802c42ec   _ti_sysbios_knl_Clock_LM_tick__C
802c43dc   _ti_sysbios_knl_Clock_LW_delayed__C
802c4580   _xdc_runtime_Text_nodeTab__A
802c4644   _ti_sysbios_knl_Clock_Module_State_clockQ__O
802c49bc   _ti_sysbios_knl_Clock_Module__diagsEnabled__C
802c4a5c   _ti_sysbios_knl_Clock_Module__diagsIncluded__C
802c4afc   _ti_sysbios_knl_Clock_Module__diagsMask__C
802c4b9c   _ti_sysbios_knl_Clock_Module__loggerFxn1__C
802c4cd4   _ti_sysbios_knl_Clock_Module__loggerFxn2__C
802c4e6c   _xdc_runtime_LoggerBuf_Module__FXNS__C
802c4ea8   _xdc_runtime_Startup_sfxnTab__A
802c4f08   _ti_sysbios_heaps_HeapMem_Module__FXNS__C
802c4f30   _xdc_runtime_LoggerBuf_Object__PARAMS__C
802c4f58   _ti_sysbios_gates_GateHwi_Module__FXNS__C
802c4f7c   _ti_sysbios_gates_GateMutex_Module__FXNS__C
802c4fa0   _ti_sysbios_knl_Clock_Object__PARAMS__C
802c4fc4   _ti_sysbios_knl_Semaphore_Object__PARAMS__C
802c502c   _ti_sysbios_gates_GateHwi_Object__DESC__C
802c504c   _ti_sysbios_gates_GateMutex_Object__DESC__C
802c506c   _ti_sysbios_heaps_HeapMem_Object__DESC__C
802c508c   _ti_sysbios_heaps_HeapMem_Object__PARAMS__C
802c50ac   _ti_sysbios_knl_Clock_Object__DESC__C
802c50cc   _ti_sysbios_knl_Queue_Object__DESC__C
802c50ec   _ti_sysbios_knl_Semaphore_Object__DESC__C
802c510c   _xdc_runtime_LoggerBuf_Object__DESC__C
802c512c   _ti_sysbios_knl_Clock_Module__loggerObj__C
802c5130   _xdc_runtime_Startup_sfxnRts__A
802c514c   _ti_sysbios_gates_GateHwi_Object__PARAMS__C
802c5164   _ti_sysbios_gates_GateMutex_Object__PARAMS__C
802c517c   _ti_sysbios_knl_Queue_Object__PARAMS__C
802c5194   _ti_sysbios_knl_Semaphore_A_badContext__C
802c5198   _ti_sysbios_knl_Task_hooks__A
802c51c4   _ti_sysbios_family_c64p_Cache_initSize__C
802c51d8   _ti_sysbios_knl_Idle_funcList__A
802c51e0   _ti_sysbios_knl_Idle_funcList__C
802c51e8   _ti_sysbios_knl_Task_hooks__C
802c51f0   _xdc_runtime_Startup_firstFxns__A
802c51f8   _xdc_runtime_Startup_firstFxns__C
802c5200   _xdc_runtime_Startup_lastFxns__C
802c5208   _ti_sysbios_knl_Semaphore_A_noEvents__C
802c520c   _ti_sysbios_knl_Semaphore_Instance_State_pendQ__O
802c5210   _ti_sysbios_knl_Semaphore_LM_pend__C
802c5214   _ti_sysbios_knl_Semaphore_LM_post__C
802c5218   _ti_sysbios_knl_Semaphore_Module__diagsEnabled__C
802c521c   _ti_sysbios_knl_Semaphore_Module__diagsIncluded__C
802c5220   _ti_sysbios_knl_Semaphore_Module__diagsMask__C
802c5224   _ti_sysbios_knl_Semaphore_Module__loggerFxn2__C
802c5228   _ti_sysbios_knl_Semaphore_Module__loggerFxn4__C
802c522c   _ti_sysbios_knl_Semaphore_Module__loggerObj__C
802c5230   _ti_sysbios_knl_Swi_LD_end__C
802c5234   _ti_sysbios_knl_Swi_LM_begin__C
802c5238   _ti_sysbios_knl_Swi_LM_post__C
802c523c   _ti_sysbios_knl_Swi_Module__diagsEnabled__C
802c5240   _ti_sysbios_knl_Swi_Module__diagsIncluded__C
802c5244   _ti_sysbios_knl_Swi_Module__diagsMask__C
802c5248   _ti_sysbios_knl_Swi_Module__loggerFxn1__C
802c524c   _ti_sysbios_knl_Swi_Module__loggerFxn4__C
802c5250   _ti_sysbios_knl_Swi_Module__loggerObj__C
802c5254   _ti_sysbios_knl_Swi_Object__count__C
802c5258   _ti_sysbios_knl_Task_E_spOutOfBounds__C
802c525c   _ti_sysbios_knl_Task_E_stackOverflow__C
802c5260   _ti_sysbios_knl_Task_LD_block__C
802c5264   _ti_sysbios_knl_Task_LD_exit__C
802c5268   _ti_sysbios_knl_Task_LD_ready__C
802c526c   _ti_sysbios_knl_Task_LM_switch__C
802c5270   _ti_sysbios_knl_Task_Module_State_inactiveQ__O
802c5274   _ti_sysbios_knl_Task_Module__diagsEnabled__C
802c5278   _ti_sysbios_knl_Task_Module__diagsIncluded__C
802c527c   _ti_sysbios_knl_Task_Module__diagsMask__C
802c5280   _ti_sysbios_knl_Task_Module__loggerFxn2__C
802c5284   _ti_sysbios_knl_Task_Module__loggerFxn4__C
802c5288   _ti_sysbios_knl_Task_Module__loggerObj__C
802c528c   _ti_sysbios_knl_Task_Object__count__C
802c5290   _ti_sysbios_knl_Task_allBlockedFunc__C
802c5294   _ti_sysbios_knl_Task_numConstructedTasks__C
802c5298   _ti_sysbios_timers_timer64_Timer_A_notAvailable__C
802c529c   _ti_sysbios_timers_timer64_Timer_E_cannotSupport__C
802c52a0   _ti_sysbios_timers_timer64_Timer_Module__diagsEnabled__C
802c52a4   _ti_sysbios_timers_timer64_Timer_Module__diagsIncluded__C
802c52a8   _ti_sysbios_timers_timer64_Timer_Module__diagsMask__C
802c52ac   _ti_sysbios_timers_timer64_Timer_anyMask__C
802c52b0   _ti_sysbios_timers_timer64_Timer_freqDivisor__C
802c52b4   _ti_sysbios_timers_timer64_Timer_numLocalTimers__C
802c52b8   _ti_sysbios_timers_timer64_Timer_numTimerDevices__C
802c52bc   _xdc_runtime_Assert_E_assertFailed__C
802c52c0   _xdc_runtime_Core_A_initializedParams__C
802c52c4   _xdc_runtime_Core_Module__diagsEnabled__C
802c52c8   _xdc_runtime_Core_Module__diagsIncluded__C
802c52cc   _xdc_runtime_Core_Module__diagsMask__C
802c52d0   _xdc_runtime_Error_E_generic__C
802c52d4   _xdc_runtime_Error_E_memory__C
802c52d8   _xdc_runtime_Error_Module__diagsEnabled__C
802c52dc   _xdc_runtime_Error_Module__diagsIncluded__C
802c52e0   _xdc_runtime_Error_Module__diagsMask__C
802c52e4   _xdc_runtime_Error_Module__loggerFxn8__C
802c52e8   _xdc_runtime_Error_Module__loggerObj__C
802c52ec   _xdc_runtime_Error_policy__C
802c52f0   _xdc_runtime_Error_raiseHook__C
802c52f4   _xdc_runtime_IFilterLogger_Interface__BASE__C
802c52f8   _xdc_runtime_IGateProvider_Interface__BASE__C
802c52fc   _xdc_runtime_IHeap_Interface__BASE__C
802c5300   _xdc_runtime_ILogger_Interface__BASE__C
802c5304   _xdc_runtime_IModule_Interface__BASE__C
802c5308   _xdc_runtime_Log_L_error__C
802c530c   _xdc_runtime_LoggerBuf_E_badLevel__C
802c5310   _xdc_runtime_LoggerBuf_Module__gateObj__C
802c5314   _xdc_runtime_LoggerBuf_Object__count__C
802c5318   _xdc_runtime_LoggerBuf_statusLogger__C
802c531c   _xdc_runtime_Memory_defaultHeapInstance__C
802c5320   _xdc_runtime_Startup_execImpl__C
802c5324   _xdc_runtime_Startup_maxPasses__C
802c5328   _xdc_runtime_Startup_sfxnRts__C
802c532c   _xdc_runtime_Startup_sfxnTab__C
802c5330   _xdc_runtime_SysMin_bufSize__C
802c5334   _xdc_runtime_SysMin_outputFunc__C
802c5338   _xdc_runtime_System_Module__gateObj__C
802c533c   _xdc_runtime_System_extendFxn__C
802c5340   _xdc_runtime_System_maxAtexitHandlers__C
802c5344   _xdc_runtime_Text_charTab__C
802c5348   _xdc_runtime_Text_nameEmpty__C
802c534c   _xdc_runtime_Text_nameStatic__C
802c5350   _xdc_runtime_Text_nameUnknown__C
802c5354   _xdc_runtime_Text_nodeTab__C
802c5358   _xdc_runtime_Text_visitRopeFxn__C
802c535c   _ti_sysbios_BIOS_Module__id__C
802c5360   _ti_sysbios_family_c64p_Exception_Module__id__C
802c5364   _ti_sysbios_family_c64p_Hwi_Module__id__C
802c5368   _ti_sysbios_family_c64p_Hwi_Module__loggerDefined__C
802c536c   _ti_sysbios_gates_GateMutex_Module__id__C
802c5370   _ti_sysbios_hal_Hwi_Module__id__C
802c5374   _ti_sysbios_heaps_HeapMem_Module__id__C
802c5378   _ti_sysbios_knl_Clock_Module__id__C
802c537c   _ti_sysbios_knl_Clock_Module__loggerDefined__C
802c5380   _ti_sysbios_knl_Semaphore_Module__id__C
802c5384   _ti_sysbios_knl_Semaphore_Module__loggerDefined__C
802c5388   _ti_sysbios_knl_Swi_Module__id__C
802c538c   _ti_sysbios_knl_Swi_Module__loggerDefined__C
802c5390   _ti_sysbios_knl_Task_Module__id__C
802c5394   _ti_sysbios_knl_Task_Module__loggerDefined__C
802c5398   _ti_sysbios_knl_Task_initStackFlag__C
802c539c   _ti_sysbios_timers_timer64_Timer_Module__id__C
802c53a0   _ti_sysbios_timers_timer64_Timer_startupNeeded__C
802c53a4   _xdc_runtime_Core_Module__id__C
802c53a8   _xdc_runtime_Error_Module__loggerDefined__C
802c53ac   _xdc_runtime_Error_maxDepth__C
802c53b0   _xdc_runtime_LoggerBuf_Module__id__C
802c53b4   _xdc_runtime_LoggerBuf_filterByLevel__C
802c53b8   _xdc_runtime_Memory_Module__id__C
802c53bc   _xdc_runtime_SysMin_flushAtExit__C
802c53c0   _xdc_runtime_Text_charCnt__C
802c53c4   _xdc_runtime_Text_isLoaded__C
802c53c8   _xdc_runtime_Text_registryModsLastId__C
802c53cc   _xdc_runtime_Text_unnamedModsLastId__C
802c53d0   __stack
802c73d0   __STACK_END
802c73d0   ___cinit__
802c73d0   cinit
802c9400   _ti_sysbios_family_c64p_Hwi0
802c9420   _ti_sysbios_family_c64p_Hwi1
802c9440   _ti_sysbios_family_c64p_Hwi2
802c9460   _ti_sysbios_family_c64p_Hwi3
802c9480   _ti_sysbios_family_c64p_Hwi4
802c94a0   _ti_sysbios_family_c64p_Hwi5
802c94c0   _ti_sysbios_family_c64p_Hwi6
802c94e0   _ti_sysbios_family_c64p_Hwi7
802c9500   _ti_sysbios_family_c64p_Hwi8
802c9520   _ti_sysbios_family_c64p_Hwi9
802c9540   _ti_sysbios_family_c64p_Hwi10
802c9560   _ti_sysbios_family_c64p_Hwi11
802c9580   _ti_sysbios_family_c64p_Hwi12
802c95a0   _ti_sysbios_family_c64p_Hwi13
802c95c0   _ti_sysbios_family_c64p_Hwi14
802c95e0   _ti_sysbios_family_c64p_Hwi15
802c9600   __CIOBUF_
802c9720   $bss
802c9720   .bss
802c9720   ___bss__
802c9730   _i2c_timeout
802c9738   _rom_version
802c9739   _chipid_msb
802c973a   _chipid_lsb
802c973b   ___end__
802c973b   end
ffffffff   .data
ffffffff   .text
ffffffff   ___TI_pprof_out_hndl
ffffffff   ___TI_prof_data_size
ffffffff   ___TI_prof_data_start
ffffffff   ___binit__
ffffffff   ___c_args__
ffffffff   ___data__
ffffffff   ___edata__
ffffffff   ___etext__
ffffffff   ___pinit__
ffffffff   ___text__
ffffffff   binit
ffffffff   edata
ffffffff   etext
ffffffff   pinit

[720 symbols]
