******************************************************************************
               TMS320C6x Linker PC v7.2.3                      
******************************************************************************
>> Linked Tue Feb 11 18:29:56 2014

OUTPUT FILE NAME:   <VideoTemplate_6437.out>
ENTRY POINT SYMBOL: "_c_int00"  address: 10808980


MEMORY CONFIGURATION

         name            origin    length      used     unused   attr    fill
----------------------  --------  ---------  --------  --------  ----  --------
  L2RAM                 10800000   00020000  0000eea7  00011159  RWIX
  DDR2                  80000000   10000000  00151800  0feae800  RWIX


SECTION ALLOCATION MAP

 output                                  attributes/
section   page    origin      length       input sections
--------  ----  ----------  ----------   ----------------
.data      0    10800000    00000000     UNINITIALIZED

.text      0    10800000    00008da0     
                  10800000    000006a0     rts64plus.lib : divd.obj (.text:__divd)
                  108006a0    000005e0     main_EDMA.obj (.text)
                  10800c80    00000580     rts64plus.lib : _printfi.obj (.text:__getarg_diouxp)
                  10801200    00000480                   : _printfi.obj (.text:__setfield)
                  10801680    00000460                   : _printfi.obj (.text:__printfi)
                  10801ae0    00000460     evmdm6437bsl.lib : evmdm6437_pll.obj (.text)
                  10801f40    00000440     video_loopback_test.obj (.text)
                  10802380    000003a0     evmdm6437bsl.lib : evmdm6437.obj (.text)
                  10802720    00000300     rts64plus.lib : _printfi.obj (.text:_ecvt)
                  10802a20    00000300                   : _printfi.obj (.text:_fcvt)
                  10802d20    00000300                   : fputs.obj (.text:_fputs)
                  10803020    00000300     evmdm6437bsl.lib : evmdm6437_flash_id.obj (.text)
                  10803320    000002e0     rts64plus.lib : _printfi.obj (.text:__pproc_fge)
                  10803600    000002e0                   : _printfi.obj (.text:__pproc_fwp)
                  108038e0    000002a0                   : _printfi.obj (.text:__pconv_e)
                  10803b80    00000280                   : memory.obj (.text:_free)
                  10803e00    00000260                   : imath64.obj (.text:__divull)
                  10804060    00000260                   : mpyd.obj (.text:__mpyd)
                  108042c0    00000260     evmdm6437bsl.lib : evmdm6437_i2c.obj (.text)
                  10804520    00000240                      : evmdm6437_psc.obj (.text)
                  10804760    00000220     rts64plus.lib : _printfi.obj (.text:__pproc_diouxp)
                  10804980    00000220                   : _printfi.obj (.text:__pproc_str)
                  10804ba0    00000200                   : addd.obj (.text:__addd)
                  10804da0    00000200                   : frcaddd.obj (.text:__frcaddd)
                  10804fa0    00000200                   : _printfi.obj (.text:__pconv_g)
                  108051a0    00000200     evmdm6437bsl.lib : evmdm6437_led.obj (.text)
                  108053a0    000001e0                      : evmdm6437_i2c_gpio.obj (.text)
                  10805580    000001c0     rts64plus.lib : _printfi.obj (.text:__mcpy)
                  10805740    000001c0     evmdm6437bsl.lib : evmdm6437_gpio.obj (.text)
                  10805900    000001a0     rts64plus.lib : imath40.obj (.text:__divul)
                  10805aa0    000001a0                   : setvbuf.obj (.text:_setvbuf)
                  10805c40    00000180                   : trgdrv.obj (.text:_HOSTrename)
                  10805dc0    00000180                   : frcmpyd_div.obj (.text:__frcmpyd_div)
                  10805f40    00000180                   : memory.obj (.text:_malloc)
                  108060c0    00000180     tvp5146.obj (.text)
                  10806240    00000160     evmdm6437bsl.lib : evmdm6437_ddr.obj (.text)
                  108063a0    00000140     rts64plus.lib : fputc.obj (.text:_fputc)
                  108064e0    00000140                   : lowlev.obj (.text:_getdevice)
                  10806620    00000140     evmdm6437bsl.lib : evmdm6437_flash.obj (.text)
                  10806760    00000120     rts64plus.lib : _printfi.obj (.text:__pproc_fflags)
                  10806880    00000120                   : fclose.obj (.text:_fclose)
                  108069a0    00000100                   : trgdrv.obj (.text:_HOSTlseek)
                  10806aa0    00000100                   : autoinit.obj (.text:__auto_init)
                  10806ba0    00000100                   : frcmpyd.obj (.text:__frcmpyd)
                  10806ca0    00000100                   : _printfi.obj (.text:__ltostr)
                  10806da0    00000100                   : _io_perm.obj (.text:__wrt_ok)
                  10806ea0    000000e0                   : trgdrv.obj (.text:_HOSTopen)
                  10806f80    000000e0                   : cmpd.obj (.text:__cmpd)
                  10807060    000000e0                   : divi.obj (.text:__divi)
                  10807140    000000e0                   : atoi.obj (.text:_atoi)
                  10807220    000000e0                   : lowlev.obj (.text:_close)
                  10807300    000000e0                   : exit.obj (.text:_exit)
                  108073e0    000000e0                   : memset.obj (.text:_memset)
                  108074c0    000000c0                   : trgdrv.obj (.text:_HOSTread)
                  10807580    000000c0                   : trgdrv.obj (.text:_HOSTunlink)
                  10807640    000000c0                   : trgdrv.obj (.text:_HOSTwrite)
                  10807700    000000c0                   : fopen.obj (.text:__cleanup)
                  108077c0    000000c0                   : _printfi.obj (.text:__div)
                  10807880    000000c0                   : divu.obj (.text:__divu)
                  10807940    000000c0                   : fflush.obj (.text:__doflush)
                  10807a00    000000c0                   : remi.obj (.text:__remi)
                  10807ac0    000000c0                   : fseek.obj (.text:_fseek)
                  10807b80    000000c0                   : lowlev.obj (.text:_lseek)
                  10807c40    000000c0                   : ltoa.obj (.text:_ltoa)
                  10807d00    000000c0                   : lowlev.obj (.text:_write)
                  10807dc0    000000a0                   : trgdrv.obj (.text:_HOSTclose)
                  10807e60    000000a0                   : imath40.obj (.text:__divli)
                  10807f00    000000a0                   : _printfi.obj (.text:__ecpy)
                  10807fa0    000000a0                   : _printfi.obj (.text:__fcpy)
                  10808040    000000a0                   : fixdli.obj (.text:__fixdli)
                  108080e0    000000a0                   : _printfi.obj (.text:__pconv_f)
                  10808180    000000a0                   : cpy_tbl.obj (.text:_copy_in)
                  10808220    000000a0                   : lowlev.obj (.text:_finddevice)
                  108082c0    000000a0                   : memcpy64.obj (.text:_memcpy)
                  10808360    000000a0                   : memory.obj (.text:_minsert)
                  10808400    000000a0                   : memory.obj (.text:_mremove)
                  108084a0    00000080                   : fixdi.obj (.text:__fixdi)
                  10808520    00000080                   : fixdu.obj (.text:__fixdu)
                  108085a0    00000080                   : fltlid.obj (.text:__fltlid)
                  10808620    00000080                   : llshift.obj (.text:__llshl)
                  108086a0    00000080                   : renormd.obj (.text:__renormd)
                  10808720    00000080                   : printf.obj (.text:_printf)
                  108087a0    00000080                   : trgmsg.obj (.text:_readmsg)
                  10808820    00000080                   : lowlev.obj (.text:_unlink)
                  108088a0    00000080     evmdm6437bsl.lib : evmdm6437_dip.obj (.text)
                  10808920    00000060     rts64plus.lib : imath64.obj (.text:__subcull)
                  10808980    00000060                   : boot.obj (.text:_c_int00)
                  108089e0    00000060                   : memccpy.obj (.text:_memccpy)
                  10808a40    00000060                   : trgmsg.obj (.text:_writemsg)
                  10808aa0    00000040                   : isinf.obj (.text:___isinf)
                  10808ae0    00000040                   : _printfi.obj (.text:___isnan)
                  10808b20    00000040                   : divd.obj (.text:___isnan)
                  10808b60    00000040                   : args_main.obj (.text:__args_main)
                  10808ba0    00000040                   : fltud.obj (.text:__fltud)
                  10808be0    00000040                   : llshift.obj (.text:__llshru)
                  10808c20    00000040                   : negd.obj (.text:__negd)
                  10808c60    00000040                   : imath40.obj (.text:__remli)
                  10808ca0    00000040                   : subd.obj (.text:__subd)
                  10808ce0    00000020                   : negll.obj (.text:__negll)
                  10808d00    00000020                   : _lock.obj (.text:__nop)
                  10808d20    00000020                   : printf.obj (.text:__outc)
                  10808d40    00000020                   : printf.obj (.text:__outs)
                  10808d60    00000020                   : exit.obj (.text:_abort)
                  10808d80    00000020                   : remove.obj (.text:_remove)

.far       0    10808da0    00003bc0     UNINITIALIZED
                  10808da0    00003840     main_EDMA.obj (.far)
                  1080c5e0    00000194     rts64plus.lib : defs.obj (.far)
                  1080c774    00000004                   : fopen.obj (.far)
                  1080c778    000000d0                   : trgdrv.obj (.far)
                  1080c848    000000cc                   : lowlev.obj (.far)
                  1080c914    00000004     --HOLE--
                  1080c918    00000020     evmdm6437bsl.lib : evmdm6437_gpio.obj (.far)
                  1080c938    0000000c                      : evmdm6437_flash_id.obj (.far)
                  1080c944    0000000c     rts64plus.lib : exit.obj (.far)
                  1080c950    00000008                   : _lock.obj (.far)
                  1080c958    00000008                   : memory.obj (.far)

.stack     0    1080c960    00001000     UNINITIALIZED
                  1080c960    00000008     rts64plus.lib : boot.obj (.stack)
                  1080c968    00000ff8     --HOLE--

.sysmem    0    1080d960    00001000     UNINITIALIZED
                  1080d960    00000008     rts64plus.lib : memory.obj (.sysmem)
                  1080d968    00000ff8     --HOLE--

.cinit     0    1080e960    0000020c     
                  1080e960    0000005c     rts64plus.lib : defs.obj (.cinit)
                  1080e9bc    00000004     --HOLE-- [fill = 0]
                  1080e9c0    0000005c                   : lowlev.obj (.cinit)
                  1080ea1c    00000004     --HOLE-- [fill = 0]
                  1080ea20    00000058     evmdm6437bsl.lib : evmdm6437_gpio.obj (.cinit)
                  1080ea78    0000003c                      : evmdm6437_flash_id.obj (.cinit)
                  1080eab4    00000004     --HOLE-- [fill = 0]
                  1080eab8    0000002c     rts64plus.lib : exit.obj (.cinit)
                  1080eae4    00000004     --HOLE-- [fill = 0]
                  1080eae8    0000002c                   : memory.obj (.cinit)
                  1080eb14    00000004     --HOLE-- [fill = 0]
                  1080eb18    0000001c                   : _lock.obj (.cinit)
                  1080eb34    00000004     --HOLE-- [fill = 0]
                  1080eb38    0000000c     evmdm6437bsl.lib : evmdm6437_i2c.obj (.cinit)
                  1080eb44    00000004     --HOLE-- [fill = 0]
                  1080eb48    0000000c                      : evmdm6437_psc.obj (.cinit)
                  1080eb54    00000004     --HOLE-- [fill = 0]
                  1080eb58    0000000c     rts64plus.lib : fopen.obj (.cinit)
                  1080eb64    00000004     --HOLE-- [fill = 0]
                  1080eb68    00000004     (.pad.cinit) [fill = 0]

.const     0    1080eb70    000001e0     
                  1080eb70    00000101     rts64plus.lib : ctype.obj (.const:__ctypes_)
                  1080ec71    00000002                   : fputs.obj (.const:.string)
                  1080ec73    00000001     --HOLE-- [fill = 0]
                  1080ec74    000000b0     video_loopback_test.obj (.const:.string)
                  1080ed24    00000023     rts64plus.lib : _printfi.obj (.const:.string)
                  1080ed47    00000001     --HOLE-- [fill = 0]
                  1080ed48    00000008                   : divd.obj (.const:_initial_approx$1)

.cio       0    1080ed50    00000120     UNINITIALIZED
                  1080ed50    00000120     rts64plus.lib : trgmsg.obj (.cio)

.switch    0    1080ee70    00000020     
                  1080ee70    00000020     evmdm6437bsl.lib : evmdm6437.obj (.switch)

.bss       0    1080ee90    0000001b     UNINITIALIZED
                  1080ee90    00000010     evmdm6437bsl.lib : evmdm6437_flash_id.obj (.bss)
                  1080eea0    00000004                      : evmdm6437_i2c.obj (.bss)
                  1080eea4    00000004                      : evmdm6437_psc.obj (.bss)
                  1080eea8    00000003     tvp5146.obj (.bss)

.ddr2      0    80000000    00151800     UNINITIALIZED
                  80000000    00151800     main_EDMA.obj (.ddr2)


GLOBAL SYMBOLS: SORTED ALPHABETICALLY BY Name 

address    name
--------   ----
1080ee90   $bss
1080ee90   .bss
10800000   .data
10800000   .text
10808d60   C$$EXIT
10808a98   C$$IO$$
108006a0   _BlockProcessingEDMA
10800a6c   _Copy
10800980   _DirectTransferEDMA
10806240   _EVMDM6437_DDR_init
108088ac   _EVMDM6437_DIP_get
108088a0   _EVMDM6437_DIP_init
10803138   _EVMDM6437_FLASH_getTotalPages
10806620   _EVMDM6437_FLASH_init
10805884   _EVMDM6437_GPIO_getInput
10805740   _EVMDM6437_GPIO_init
10805754   _EVMDM6437_GPIO_setDir
108057f4   _EVMDM6437_GPIO_setOutput
10805540   _EVMDM6437_I2C_GPIO_checkIntr
108054b4   _EVMDM6437_I2C_GPIO_getInput
108053b8   _EVMDM6437_I2C_GPIO_getall
108053a0   _EVMDM6437_I2C_GPIO_init
10805404   _EVMDM6437_I2C_GPIO_setOutput
108053e0   _EVMDM6437_I2C_GPIO_setall
10805508   _EVMDM6437_I2C_GPIO_setupIntr
10805550   _EVMDM6437_I2C_GPIO_waitForIntr
10804300   _EVMDM6437_I2C_close
108042c0   _EVMDM6437_I2C_init
10804420   _EVMDM6437_I2C_read
10804314   _EVMDM6437_I2C_reset
10804328   _EVMDM6437_I2C_write
108051a0   _EVMDM6437_LED_init
10805240   _EVMDM6437_LED_off
108051b0   _EVMDM6437_LED_on
108052cc   _EVMDM6437_LED_toggle
108045d0   _EVMDM6437_PSC_changeState
10804520   _EVMDM6437_PSC_enableAll
10801ae0   _EVMDM6437_enablePll1
10801ce4   _EVMDM6437_enablePll2
108023e0   _EVMDM6437_init
10802380   _EVMDM6437_startupGEL
10807dc0   _HOSTclose
108069a0   _HOSTlseek
10806ea0   _HOSTopen
108074c0   _HOSTread
10805c40   _HOSTrename
10807580   _HOSTunlink
10807640   _HOSTwrite
10800b6c   _Inv
1080ed50   __CIOBUF_
10803020   __FLASH_getId
10803124   __FLASH_getMfg
10803278   __FLASH_getPageLength
10803284   __FLASH_nextPage
1080666c   __FLASH_waitWhileErasing
108066d8   __FLASH_waitWhileProgramming
1080d960   __STACK_END
00001000   __STACK_SIZE
00001000   __SYSMEM_SIZE
00000001   __TI_args_main
1080c94c   ___TI_enable_exit_profile_output
ffffffff   ___TI_pprof_out_hndl
ffffffff   ___TI_prof_data_size
ffffffff   ___TI_prof_data_start
ffffffff   ___binit__
1080ee90   ___bss__
ffffffff   ___c_args__
1080e960   ___cinit__
10800000   ___data__
10800000   ___edata__
1080eeab   ___end__
10808da0   ___etext__
10808aa0   ___isinf
ffffffff   ___pinit__
10800000   ___text__
10804ba0   __addd
10808b60   __args_main
10806aa0   __auto_init
10807060   __c6xabi_divi
10807880   __c6xabi_divu
10807a00   __c6xabi_remi
10807700   __cleanup
1080c944   __cleanup_ptr
10802494   __clrPinMux
10806f80   __cmpd
1080eb70   __ctypes_
10800000   __divd
10807060   __divi
10807e60   __divli
10807880   __divu
10805900   __divul
10803e00   __divull
10807940   __doflush
1080c948   __dtors_ptr
108084a0   __fixdi
10808040   __fixdli
10808520   __fixdu
108085a0   __fltlid
10808ba0   __fltud
10804da0   __frcaddd
10806ba0   __frcmpyd
10805dc0   __frcmpyd_div
1080c770   __ft_end
1080c5e0   __ftable
10808620   __llshl
10808be0   __llshru
1080c950   __lock
10804060   __mpyd
10808c20   __negd
10808ce0   __negll
10808d00   __nop
10801680   __printfi
10807a00   __remi
10808c60   __remli
108086a0   __renormd
108024d8   __resetEMIF
10802450   __setPinMux
108025d4   __setupEMIF
10802414   __setupPinMux
1080c960   __stack
10808920   __subcull
10808ca0   __subd
1080d960   __sys_memory
1080c6d0   __tmpnams
1080c954   __unlock
108026b8   __wait
108026ec   __waitusec
10806da0   __wrt_ok
10808d60   _abort
10807140   _atoi
800a8c00   _buffer_in
80000000   _buffer_out
10808980   _c_int00
1080eeaa   _chipid_lsb
1080eea9   _chipid_msb
10807220   _close
10808180   _copy_in
10807300   _exit
10806880   _fclose
108063a0   _fputc
10802d20   _fputs
10803b80   _free
10807ac0   _fseek
1080eea0   _i2c_timeout
10808da0   _internal_buffer_2D
10807b80   _lseek
10807c40   _ltoa
10800c00   _main
10805f40   _malloc
108089e0   _memccpy
108082c0   _memcpy
108073e0   _memset
10808720   _printf
108063a0   _putc
108087a0   _readmsg
10808d80   _remove
1080eea8   _rom_version
10805aa0   _setvbuf
10806138   _tvp5146_init
108060f4   _tvp5146_rget
108060c0   _tvp5146_rset
10808820   _unlink
10802274   _video_loopback_test
10807d00   _write
10808a40   _writemsg
ffffffff   binit
1080e960   cinit
10800000   edata
1080eeab   end
10808da0   etext
ffffffff   pinit


GLOBAL SYMBOLS: SORTED BY Symbol Address 

address    name
--------   ----
00000001   __TI_args_main
00001000   __STACK_SIZE
00001000   __SYSMEM_SIZE
10800000   .data
10800000   .text
10800000   ___data__
10800000   ___edata__
10800000   ___text__
10800000   __divd
10800000   edata
108006a0   _BlockProcessingEDMA
10800980   _DirectTransferEDMA
10800a6c   _Copy
10800b6c   _Inv
10800c00   _main
10801680   __printfi
10801ae0   _EVMDM6437_enablePll1
10801ce4   _EVMDM6437_enablePll2
10802274   _video_loopback_test
10802380   _EVMDM6437_startupGEL
108023e0   _EVMDM6437_init
10802414   __setupPinMux
10802450   __setPinMux
10802494   __clrPinMux
108024d8   __resetEMIF
108025d4   __setupEMIF
108026b8   __wait
108026ec   __waitusec
10802d20   _fputs
10803020   __FLASH_getId
10803124   __FLASH_getMfg
10803138   _EVMDM6437_FLASH_getTotalPages
10803278   __FLASH_getPageLength
10803284   __FLASH_nextPage
10803b80   _free
10803e00   __divull
10804060   __mpyd
108042c0   _EVMDM6437_I2C_init
10804300   _EVMDM6437_I2C_close
10804314   _EVMDM6437_I2C_reset
10804328   _EVMDM6437_I2C_write
10804420   _EVMDM6437_I2C_read
10804520   _EVMDM6437_PSC_enableAll
108045d0   _EVMDM6437_PSC_changeState
10804ba0   __addd
10804da0   __frcaddd
108051a0   _EVMDM6437_LED_init
108051b0   _EVMDM6437_LED_on
10805240   _EVMDM6437_LED_off
108052cc   _EVMDM6437_LED_toggle
108053a0   _EVMDM6437_I2C_GPIO_init
108053b8   _EVMDM6437_I2C_GPIO_getall
108053e0   _EVMDM6437_I2C_GPIO_setall
10805404   _EVMDM6437_I2C_GPIO_setOutput
108054b4   _EVMDM6437_I2C_GPIO_getInput
10805508   _EVMDM6437_I2C_GPIO_setupIntr
10805540   _EVMDM6437_I2C_GPIO_checkIntr
10805550   _EVMDM6437_I2C_GPIO_waitForIntr
10805740   _EVMDM6437_GPIO_init
10805754   _EVMDM6437_GPIO_setDir
108057f4   _EVMDM6437_GPIO_setOutput
10805884   _EVMDM6437_GPIO_getInput
10805900   __divul
10805aa0   _setvbuf
10805c40   _HOSTrename
10805dc0   __frcmpyd_div
10805f40   _malloc
108060c0   _tvp5146_rset
108060f4   _tvp5146_rget
10806138   _tvp5146_init
10806240   _EVMDM6437_DDR_init
108063a0   _fputc
108063a0   _putc
10806620   _EVMDM6437_FLASH_init
1080666c   __FLASH_waitWhileErasing
108066d8   __FLASH_waitWhileProgramming
10806880   _fclose
108069a0   _HOSTlseek
10806aa0   __auto_init
10806ba0   __frcmpyd
10806da0   __wrt_ok
10806ea0   _HOSTopen
10806f80   __cmpd
10807060   __c6xabi_divi
10807060   __divi
10807140   _atoi
10807220   _close
10807300   _exit
108073e0   _memset
108074c0   _HOSTread
10807580   _HOSTunlink
10807640   _HOSTwrite
10807700   __cleanup
10807880   __c6xabi_divu
10807880   __divu
10807940   __doflush
10807a00   __c6xabi_remi
10807a00   __remi
10807ac0   _fseek
10807b80   _lseek
10807c40   _ltoa
10807d00   _write
10807dc0   _HOSTclose
10807e60   __divli
10808040   __fixdli
10808180   _copy_in
108082c0   _memcpy
108084a0   __fixdi
10808520   __fixdu
108085a0   __fltlid
10808620   __llshl
108086a0   __renormd
10808720   _printf
108087a0   _readmsg
10808820   _unlink
108088a0   _EVMDM6437_DIP_init
108088ac   _EVMDM6437_DIP_get
10808920   __subcull
10808980   _c_int00
108089e0   _memccpy
10808a40   _writemsg
10808a98   C$$IO$$
10808aa0   ___isinf
10808b60   __args_main
10808ba0   __fltud
10808be0   __llshru
10808c20   __negd
10808c60   __remli
10808ca0   __subd
10808ce0   __negll
10808d00   __nop
10808d60   C$$EXIT
10808d60   _abort
10808d80   _remove
10808da0   ___etext__
10808da0   _internal_buffer_2D
10808da0   etext
1080c5e0   __ftable
1080c6d0   __tmpnams
1080c770   __ft_end
1080c944   __cleanup_ptr
1080c948   __dtors_ptr
1080c94c   ___TI_enable_exit_profile_output
1080c950   __lock
1080c954   __unlock
1080c960   __stack
1080d960   __STACK_END
1080d960   __sys_memory
1080e960   ___cinit__
1080e960   cinit
1080eb70   __ctypes_
1080ed50   __CIOBUF_
1080ee90   $bss
1080ee90   .bss
1080ee90   ___bss__
1080eea0   _i2c_timeout
1080eea8   _rom_version
1080eea9   _chipid_msb
1080eeaa   _chipid_lsb
1080eeab   ___end__
1080eeab   end
80000000   _buffer_out
800a8c00   _buffer_in
ffffffff   ___TI_pprof_out_hndl
ffffffff   ___TI_prof_data_size
ffffffff   ___TI_prof_data_start
ffffffff   ___binit__
ffffffff   ___c_args__
ffffffff   ___pinit__
ffffffff   binit
ffffffff   pinit

[171 symbols]
